---
source: objdiff-core/tests/arch_x86.rs
expression: output
---
[(Address(0), Dim, 5), (Spacing(4), Normal, 0), (Opcode("push", 640), Normal, 10), (Argument(Opaque("ebp")), Normal, 0), (Eol, Normal, 0)]
[(Address(1), Dim, 5), (Spacing(4), Normal, 0), (Opcode("mov", 414), Normal, 10), (Argument(Opaque("ebp")), Normal, 0), (Basic(","), Normal, 0), (Spacing(1), Normal, 0), (Argument(Opaque("esp")), Normal, 0), (Eol, Normal, 0)]
[(Address(3), Dim, 5), (Spacing(4), Normal, 0), (Opcode("push", 640), Normal, 10), (Symbol(Symbol { name: "$SG526", demangled_name: None, address: 4, size: 6, kind: Object, section: Some(1), flags: FlagSet(Local | SizeInferred), align: None, virtual_address: None }), Bright, 0), (Eol, Normal, 0)]
[(Address(8), Dim, 5), (Spacing(4), Normal, 0), (Opcode("call", 59), Normal, 10), (Symbol(Symbol { name: "_printf", demangled_name: None, address: 0, size: 0, kind: Function, section: None, flags: FlagSet(Global), align: None, virtual_address: None }), Bright, 0), (Eol, Normal, 0)]
[(Address(13), Dim, 5), (Spacing(4), Normal, 0), (Opcode("add", 7), Normal, 10), (Argument(Opaque("esp")), Normal, 0), (Basic(","), Normal, 0), (Spacing(1), Normal, 0), (Argument(Unsigned(4)), Normal, 0), (Eol, Normal, 0)]
[(Address(16), Dim, 5), (Spacing(4), Normal, 0), (Opcode("pop", 590), Normal, 10), (Argument(Opaque("ebp")), Normal, 0), (Eol, Normal, 0)]
[(Address(17), Dim, 5), (Spacing(4), Normal, 0), (Opcode("ret", 662), Normal, 10), (Eol, Normal, 0)]
