---
source: objdiff-core/tests/arch_ppc.rs
expression: output
---
[(Address(0), Normal, 5), (Spacing(4), Normal, 0), (Opcode("srwi", 283), Normal, 10), (Argument(Opaque("r0")), Normal, 0), (Basic(", "), Normal, 0), (Argument(Opaque("r3")), Normal, 0), (Basic(", "), Normal, 0), (Argument(Opaque("24")), Normal, 0), (Eol, Normal, 0)]
[(Address(4), Normal, 5), (Spacing(4), Normal, 0), (Opcode("cmpwi", 260), Normal, 10), (Argument(Opaque("r0")), Normal, 0), (Basic(", "), Normal, 0), (Argument(Signed(-1)), Normal, 0), (Eol, Normal, 0)]
[(Address(8), Normal, 5), (Spacing(4), Normal, 0), (Opcode("bne", 265), Normal, 10), (BranchDest(20), Normal, 0), (Basic(" ~>"), Rotating(0), 0), (Eol, Normal, 0)]
[(Address(12), Normal, 5), (Spacing(4), Normal, 0), (Opcode("li", 263), Normal, 10), (Argument(Opaque("r0")), Normal, 0), (Basic(", "), Normal, 0), (Argument(Signed(-1)), Normal, 0), (Eol, Normal, 0)]
[(Address(16), Normal, 5), (Spacing(4), Normal, 0), (Opcode("b", 267), Normal, 10), (BranchDest(32), Normal, 0), (Basic(" ~>"), Rotating(1), 0), (Eol, Normal, 0)]
[(Address(20), Normal, 5), (Basic(" ~> "), Rotating(0), 0), (Opcode("lis", 264), Normal, 10), (Argument(Opaque("r4")), Normal, 0), (Basic(", "), Normal, 0), (Symbol(Symbol { name: "__upper_map", demangled_name: None, address: 0, size: 0, kind: Unknown, section: None, flags: FlagSet(Global), align: None, virtual_address: Some(0) }), Bright, 0), (Basic("@ha"), Normal, 0), (Eol, Normal, 0)]
[(Address(24), Normal, 5), (Spacing(4), Normal, 0), (Opcode("addi", 263), Normal, 10), (Argument(Opaque("r4")), Normal, 0), (Basic(", "), Normal, 0), (Argument(Opaque("r4")), Normal, 0), (Basic(", "), Normal, 0), (Symbol(Symbol { name: "__upper_map", demangled_name: None, address: 0, size: 0, kind: Unknown, section: None, flags: FlagSet(Global), align: None, virtual_address: Some(0) }), Bright, 0), (Basic("@l"), Normal, 0), (Eol, Normal, 0)]
[(Address(28), Normal, 5), (Spacing(4), Normal, 0), (Opcode("lbzx", 323), Normal, 10), (Argument(Opaque("r0")), Normal, 0), (Basic(", "), Normal, 0), (Argument(Opaque("r4")), Normal, 0), (Basic(", "), Normal, 0), (Argument(Opaque("r0")), Normal, 0), (Basic(" <"), Normal, 0), (Symbol(Symbol { name: "__upper_map", demangled_name: None, address: 0, size: 0, kind: Unknown, section: None, flags: FlagSet(Global), align: None, virtual_address: Some(0) }), Bright, 0), (Basic(">"), Normal, 0), (Eol, Normal, 0)]
[(Address(32), Normal, 5), (Basic(" ~> "), Rotating(1), 0), (Opcode("extrwi", 283), Normal, 10), (Argument(Opaque("r5")), Normal, 0), (Basic(", "), Normal, 0), (Argument(Opaque("r3")), Normal, 0), (Basic(", "), Normal, 0), (Argument(Opaque("8")), Normal, 0), (Basic(", "), Normal, 0), (Argument(Opaque("8")), Normal, 0), (Eol, Normal, 0)]
[(Address(36), Normal, 5), (Spacing(4), Normal, 0), (Opcode("stb", 445), Normal, 10), (Argument(Opaque("r0")), Normal, 0), (Basic(", "), Normal, 0), (Symbol(Symbol { name: "text$52", demangled_name: None, address: 8, size: 5, kind: Object, section: Some(2), flags: FlagSet(Local), align: None, virtual_address: Some(2153420056) }), Bright, 0), (Basic("@sda21"), Normal, 0), (Eol, Normal, 0)]
[(Address(40), Normal, 5), (Spacing(4), Normal, 0), (Opcode("cmpwi", 260), Normal, 10), (Argument(Opaque("r5")), Normal, 0), (Basic(", "), Normal, 0), (Argument(Signed(-1)), Normal, 0), (Eol, Normal, 0)]
[(Address(44), Normal, 5), (Spacing(4), Normal, 0), (Opcode("bne", 265), Normal, 10), (BranchDest(56), Normal, 0), (Basic(" ~>"), Rotating(2), 0), (Eol, Normal, 0)]
[(Address(48), Normal, 5), (Spacing(4), Normal, 0), (Opcode("li", 263), Normal, 10), (Argument(Opaque("r0")), Normal, 0), (Basic(", "), Normal, 0), (Argument(Signed(-1)), Normal, 0), (Eol, Normal, 0)]
[(Address(52), Normal, 5), (Spacing(4), Normal, 0), (Opcode("b", 267), Normal, 10), (BranchDest(68), Normal, 0), (Basic(" ~>"), Rotating(3), 0), (Eol, Normal, 0)]
[(Address(56), Normal, 5), (Basic(" ~> "), Rotating(2), 0), (Opcode("lis", 264), Normal, 10), (Argument(Opaque("r4")), Normal, 0), (Basic(", "), Normal, 0), (Symbol(Symbol { name: "__upper_map", demangled_name: None, address: 0, size: 0, kind: Unknown, section: None, flags: FlagSet(Global), align: None, virtual_address: Some(0) }), Bright, 0), (Basic("@ha"), Normal, 0), (Eol, Normal, 0)]
[(Address(60), Normal, 5), (Spacing(4), Normal, 0), (Opcode("addi", 263), Normal, 10), (Argument(Opaque("r4")), Normal, 0), (Basic(", "), Normal, 0), (Argument(Opaque("r4")), Normal, 0), (Basic(", "), Normal, 0), (Symbol(Symbol { name: "__upper_map", demangled_name: None, address: 0, size: 0, kind: Unknown, section: None, flags: FlagSet(Global), align: None, virtual_address: Some(0) }), Bright, 0), (Basic("@l"), Normal, 0), (Eol, Normal, 0)]
[(Address(64), Normal, 5), (Spacing(4), Normal, 0), (Opcode("lbzx", 323), Normal, 10), (Argument(Opaque("r0")), Normal, 0), (Basic(", "), Normal, 0), (Argument(Opaque("r4")), Normal, 0), (Basic(", "), Normal, 0), (Argument(Opaque("r5")), Normal, 0), (Basic(" <"), Normal, 0), (Symbol(Symbol { name: "__upper_map", demangled_name: None, address: 0, size: 0, kind: Unknown, section: None, flags: FlagSet(Global), align: None, virtual_address: Some(0) }), Bright, 0), (Basic(">"), Normal, 0), (Eol, Normal, 0)]
[(Address(68), Normal, 5), (Basic(" ~> "), Rotating(3), 0), (Opcode("extrwi", 283), Normal, 10), (Argument(Opaque("r5")), Normal, 0), (Basic(", "), Normal, 0), (Argument(Opaque("r3")), Normal, 0), (Basic(", "), Normal, 0), (Argument(Opaque("8")), Normal, 0), (Basic(", "), Normal, 0), (Argument(Opaque("16")), Normal, 0), (Eol, Normal, 0)]
[(Address(72), Normal, 5), (Spacing(4), Normal, 0), (Opcode("li", 263), Normal, 10), (Argument(Opaque("r4")), Normal, 0), (Basic(", "), Normal, 0), (Symbol(Symbol { name: "text$52", demangled_name: None, address: 8, size: 5, kind: Object, section: Some(2), flags: FlagSet(Local), align: None, virtual_address: Some(2153420056) }), Bright, 0), (Basic("@sda21"), Normal, 0), (Eol, Normal, 0)]
[(Address(76), Normal, 5), (Spacing(4), Normal, 0), (Opcode("cmpwi", 260), Normal, 10), (Argument(Opaque("r5")), Normal, 0), (Basic(", "), Normal, 0), (Argument(Signed(-1)), Normal, 0), (Eol, Normal, 0)]
[(Address(80), Normal, 5), (Spacing(4), Normal, 0), (Opcode("stb", 445), Normal, 10), (Argument(Opaque("r0")), Normal, 0), (Basic(", "), Normal, 0), (Argument(Signed(1)), Normal, 0), (Basic("("), Normal, 0), (Argument(Opaque("r4")), Normal, 0), (Basic(")"), Normal, 0), (Eol, Normal, 0)]
[(Address(84), Normal, 5), (Spacing(4), Normal, 0), (Opcode("bne", 265), Normal, 10), (BranchDest(96), Normal, 0), (Basic(" ~>"), Rotating(4), 0), (Eol, Normal, 0)]
[(Address(88), Normal, 5), (Spacing(4), Normal, 0), (Opcode("li", 263), Normal, 10), (Argument(Opaque("r0")), Normal, 0), (Basic(", "), Normal, 0), (Argument(Signed(-1)), Normal, 0), (Eol, Normal, 0)]
[(Address(92), Normal, 5), (Spacing(4), Normal, 0), (Opcode("b", 267), Normal, 10), (BranchDest(108), Normal, 0), (Basic(" ~>"), Rotating(5), 0), (Eol, Normal, 0)]
[(Address(96), Normal, 5), (Basic(" ~> "), Rotating(4), 0), (Opcode("lis", 264), Normal, 10), (Argument(Opaque("r4")), Normal, 0), (Basic(", "), Normal, 0), (Symbol(Symbol { name: "__upper_map", demangled_name: None, address: 0, size: 0, kind: Unknown, section: None, flags: FlagSet(Global), align: None, virtual_address: Some(0) }), Bright, 0), (Basic("@ha"), Normal, 0), (Eol, Normal, 0)]
[(Address(100), Normal, 5), (Spacing(4), Normal, 0), (Opcode("addi", 263), Normal, 10), (Argument(Opaque("r4")), Normal, 0), (Basic(", "), Normal, 0), (Argument(Opaque("r4")), Normal, 0), (Basic(", "), Normal, 0), (Symbol(Symbol { name: "__upper_map", demangled_name: None, address: 0, size: 0, kind: Unknown, section: None, flags: FlagSet(Global), align: None, virtual_address: Some(0) }), Bright, 0), (Basic("@l"), Normal, 0), (Eol, Normal, 0)]
[(Address(104), Normal, 5), (Spacing(4), Normal, 0), (Opcode("lbzx", 323), Normal, 10), (Argument(Opaque("r0")), Normal, 0), (Basic(", "), Normal, 0), (Argument(Opaque("r4")), Normal, 0), (Basic(", "), Normal, 0), (Argument(Opaque("r5")), Normal, 0), (Basic(" <"), Normal, 0), (Symbol(Symbol { name: "__upper_map", demangled_name: None, address: 0, size: 0, kind: Unknown, section: None, flags: FlagSet(Global), align: None, virtual_address: Some(0) }), Bright, 0), (Basic(">"), Normal, 0), (Eol, Normal, 0)]
[(Address(108), Normal, 5), (Basic(" ~> "), Rotating(5), 0), (Opcode("clrlwi", 283), Normal, 10), (Argument(Opaque("r4")), Normal, 0), (Basic(", "), Normal, 0), (Argument(Opaque("r3")), Normal, 0), (Basic(", "), Normal, 0), (Argument(Opaque("24")), Normal, 0), (Eol, Normal, 0)]
[(Address(112), Normal, 5), (Spacing(4), Normal, 0), (Opcode("li", 263), Normal, 10), (Argument(Opaque("r3")), Normal, 0), (Basic(", "), Normal, 0), (Symbol(Symbol { name: "text$52", demangled_name: None, address: 8, size: 5, kind: Object, section: Some(2), flags: FlagSet(Local), align: None, virtual_address: Some(2153420056) }), Bright, 0), (Basic("@sda21"), Normal, 0), (Eol, Normal, 0)]
[(Address(116), Normal, 5), (Spacing(4), Normal, 0), (Opcode("cmpwi", 260), Normal, 10), (Argument(Opaque("r4")), Normal, 0), (Basic(", "), Normal, 0), (Argument(Signed(-1)), Normal, 0), (Eol, Normal, 0)]
[(Address(120), Normal, 5), (Spacing(4), Normal, 0), (Opcode("stb", 445), Normal, 10), (Argument(Opaque("r0")), Normal, 0), (Basic(", "), Normal, 0), (Argument(Signed(2)), Normal, 0), (Basic("("), Normal, 0), (Argument(Opaque("r3")), Normal, 0), (Basic(")"), Normal, 0), (Eol, Normal, 0)]
[(Address(124), Normal, 5), (Spacing(4), Normal, 0), (Opcode("bne", 265), Normal, 10), (BranchDest(136), Normal, 0), (Basic(" ~>"), Rotating(6), 0), (Eol, Normal, 0)]
[(Address(128), Normal, 5), (Spacing(4), Normal, 0), (Opcode("li", 263), Normal, 10), (Argument(Opaque("r3")), Normal, 0), (Basic(", "), Normal, 0), (Argument(Signed(-1)), Normal, 0), (Eol, Normal, 0)]
[(Address(132), Normal, 5), (Spacing(4), Normal, 0), (Opcode("b", 267), Normal, 10), (BranchDest(148), Normal, 0), (Basic(" ~>"), Rotating(7), 0), (Eol, Normal, 0)]
[(Address(136), Normal, 5), (Basic(" ~> "), Rotating(6), 0), (Opcode("lis", 264), Normal, 10), (Argument(Opaque("r3")), Normal, 0), (Basic(", "), Normal, 0), (Symbol(Symbol { name: "__upper_map", demangled_name: None, address: 0, size: 0, kind: Unknown, section: None, flags: FlagSet(Global), align: None, virtual_address: Some(0) }), Bright, 0), (Basic("@ha"), Normal, 0), (Eol, Normal, 0)]
[(Address(140), Normal, 5), (Spacing(4), Normal, 0), (Opcode("addi", 263), Normal, 10), (Argument(Opaque("r3")), Normal, 0), (Basic(", "), Normal, 0), (Argument(Opaque("r3")), Normal, 0), (Basic(", "), Normal, 0), (Symbol(Symbol { name: "__upper_map", demangled_name: None, address: 0, size: 0, kind: Unknown, section: None, flags: FlagSet(Global), align: None, virtual_address: Some(0) }), Bright, 0), (Basic("@l"), Normal, 0), (Eol, Normal, 0)]
[(Address(144), Normal, 5), (Spacing(4), Normal, 0), (Opcode("lbzx", 323), Normal, 10), (Argument(Opaque("r3")), Normal, 0), (Basic(", "), Normal, 0), (Argument(Opaque("r3")), Normal, 0), (Basic(", "), Normal, 0), (Argument(Opaque("r4")), Normal, 0), (Basic(" <"), Normal, 0), (Symbol(Symbol { name: "__upper_map", demangled_name: None, address: 0, size: 0, kind: Unknown, section: None, flags: FlagSet(Global), align: None, virtual_address: Some(0) }), Bright, 0), (Basic(">"), Normal, 0), (Eol, Normal, 0)]
[(Address(148), Normal, 5), (Basic(" ~> "), Rotating(7), 0), (Opcode("li", 263), Normal, 10), (Argument(Opaque("r5")), Normal, 0), (Basic(", "), Normal, 0), (Symbol(Symbol { name: "text$52", demangled_name: None, address: 8, size: 5, kind: Object, section: Some(2), flags: FlagSet(Local), align: None, virtual_address: Some(2153420056) }), Bright, 0), (Basic("@sda21"), Normal, 0), (Eol, Normal, 0)]
[(Address(152), Normal, 5), (Spacing(4), Normal, 0), (Opcode("li", 263), Normal, 10), (Argument(Opaque("r0")), Normal, 0), (Basic(", "), Normal, 0), (Argument(Signed(0)), Normal, 0), (Eol, Normal, 0)]
[(Address(156), Normal, 5), (Spacing(4), Normal, 0), (Opcode("stb", 445), Normal, 10), (Argument(Opaque("r3")), Normal, 0), (Basic(", "), Normal, 0), (Argument(Signed(3)), Normal, 0), (Basic("("), Normal, 0), (Argument(Opaque("r5")), Normal, 0), (Basic(")"), Normal, 0), (Eol, Normal, 0)]
[(Address(160), Normal, 5), (Spacing(4), Normal, 0), (Opcode("lis", 264), Normal, 10), (Argument(Opaque("r3")), Normal, 0), (Basic(", "), Normal, 0), (Symbol(Symbol { name: "__ctype_map", demangled_name: None, address: 0, size: 0, kind: Unknown, section: None, flags: FlagSet(Global), align: None, virtual_address: Some(0) }), Bright, 0), (Basic("@ha"), Normal, 0), (Eol, Normal, 0)]
[(Address(164), Normal, 5), (Spacing(4), Normal, 0), (Opcode("addi", 263), Normal, 10), (Argument(Opaque("r4")), Normal, 0), (Basic(", "), Normal, 0), (Argument(Opaque("r3")), Normal, 0), (Basic(", "), Normal, 0), (Symbol(Symbol { name: "__ctype_map", demangled_name: None, address: 0, size: 0, kind: Unknown, section: None, flags: FlagSet(Global), align: None, virtual_address: Some(0) }), Bright, 0), (Basic("@l"), Normal, 0), (Eol, Normal, 0)]
[(Address(168), Normal, 5), (Spacing(4), Normal, 0), (Opcode("stb", 445), Normal, 10), (Argument(Opaque("r0")), Normal, 0), (Basic(", "), Normal, 0), (Argument(Signed(4)), Normal, 0), (Basic("("), Normal, 0), (Argument(Opaque("r5")), Normal, 0), (Basic(")"), Normal, 0), (Eol, Normal, 0)]
[(Address(172), Normal, 5), (Spacing(4), Normal, 0), (Opcode("li", 263), Normal, 10), (Argument(Opaque("r0")), Normal, 0), (Basic(", "), Normal, 0), (Argument(Signed(45)), Normal, 0), (Eol, Normal, 0)]
[(Address(176), Normal, 5), (Spacing(4), Normal, 0), (Opcode("lbz", 441), Normal, 10), (Argument(Opaque("r3")), Normal, 0), (Basic(", "), Normal, 0), (Symbol(Symbol { name: "text$52", demangled_name: None, address: 8, size: 5, kind: Object, section: Some(2), flags: FlagSet(Local), align: None, virtual_address: Some(2153420056) }), Bright, 0), (Basic("@sda21"), Normal, 0), (Eol, Normal, 0)]
[(Address(180), Normal, 5), (Spacing(4), Normal, 0), (Opcode("lbzx", 323), Normal, 10), (Argument(Opaque("r3")), Normal, 0), (Basic(", "), Normal, 0), (Argument(Opaque("r4")), Normal, 0), (Basic(", "), Normal, 0), (Argument(Opaque("r3")), Normal, 0), (Basic(" <"), Normal, 0), (Symbol(Symbol { name: "__ctype_map", demangled_name: None, address: 0, size: 0, kind: Unknown, section: None, flags: FlagSet(Global), align: None, virtual_address: Some(0) }), Bright, 0), (Basic(">"), Normal, 0), (Eol, Normal, 0)]
[(Address(184), Normal, 5), (Spacing(4), Normal, 0), (Opcode("andi.", 289), Normal, 10), (Argument(Opaque("r3")), Normal, 0), (Basic(", "), Normal, 0), (Argument(Opaque("r3")), Normal, 0), (Basic(", "), Normal, 0), (Argument(Unsigned(220)), Normal, 0), (Eol, Normal, 0)]
[(Address(188), Normal, 5), (Spacing(4), Normal, 0), (Opcode("bne", 265), Normal, 10), (BranchDest(196), Normal, 0), (Basic(" ~>"), Rotating(8), 0), (Eol, Normal, 0)]
[(Address(192), Normal, 5), (Spacing(4), Normal, 0), (Opcode("stb", 445), Normal, 10), (Argument(Opaque("r0")), Normal, 0), (Basic(", "), Normal, 0), (Argument(Signed(0)), Normal, 0), (Basic("("), Normal, 0), (Argument(Opaque("r5")), Normal, 0), (Basic(")"), Normal, 0), (Eol, Normal, 0)]
[(Address(196), Normal, 5), (Basic(" ~> "), Rotating(8), 0), (Opcode("lbzu", 442), Normal, 10), (Argument(Opaque("r3")), Normal, 0), (Basic(", "), Normal, 0), (Argument(Signed(1)), Normal, 0), (Basic("("), Normal, 0), (Argument(Opaque("r5")), Normal, 0), (Basic(")"), Normal, 0), (Eol, Normal, 0)]
[(Address(200), Normal, 5), (Spacing(4), Normal, 0), (Opcode("lbzx", 323), Normal, 10), (Argument(Opaque("r3")), Normal, 0), (Basic(", "), Normal, 0), (Argument(Opaque("r4")), Normal, 0), (Basic(", "), Normal, 0), (Argument(Opaque("r3")), Normal, 0), (Basic(" <"), Normal, 0), (Symbol(Symbol { name: "__ctype_map", demangled_name: None, address: 0, size: 0, kind: Unknown, section: None, flags: FlagSet(Global), align: None, virtual_address: Some(0) }), Bright, 0), (Basic(">"), Normal, 0), (Eol, Normal, 0)]
[(Address(204), Normal, 5), (Spacing(4), Normal, 0), (Opcode("andi.", 289), Normal, 10), (Argument(Opaque("r3")), Normal, 0), (Basic(", "), Normal, 0), (Argument(Opaque("r3")), Normal, 0), (Basic(", "), Normal, 0), (Argument(Unsigned(220)), Normal, 0), (Eol, Normal, 0)]
[(Address(208), Normal, 5), (Spacing(4), Normal, 0), (Opcode("bne", 265), Normal, 10), (BranchDest(216), Normal, 0), (Basic(" ~>"), Rotating(9), 0), (Eol, Normal, 0)]
[(Address(212), Normal, 5), (Spacing(4), Normal, 0), (Opcode("stb", 445), Normal, 10), (Argument(Opaque("r0")), Normal, 0), (Basic(", "), Normal, 0), (Argument(Signed(0)), Normal, 0), (Basic("("), Normal, 0), (Argument(Opaque("r5")), Normal, 0), (Basic(")"), Normal, 0), (Eol, Normal, 0)]
[(Address(216), Normal, 5), (Basic(" ~> "), Rotating(9), 0), (Opcode("lbzu", 442), Normal, 10), (Argument(Opaque("r3")), Normal, 0), (Basic(", "), Normal, 0), (Argument(Signed(1)), Normal, 0), (Basic("("), Normal, 0), (Argument(Opaque("r5")), Normal, 0), (Basic(")"), Normal, 0), (Eol, Normal, 0)]
[(Address(220), Normal, 5), (Spacing(4), Normal, 0), (Opcode("lbzx", 323), Normal, 10), (Argument(Opaque("r3")), Normal, 0), (Basic(", "), Normal, 0), (Argument(Opaque("r4")), Normal, 0), (Basic(", "), Normal, 0), (Argument(Opaque("r3")), Normal, 0), (Basic(" <"), Normal, 0), (Symbol(Symbol { name: "__ctype_map", demangled_name: None, address: 0, size: 0, kind: Unknown, section: None, flags: FlagSet(Global), align: None, virtual_address: Some(0) }), Bright, 0), (Basic(">"), Normal, 0), (Eol, Normal, 0)]
[(Address(224), Normal, 5), (Spacing(4), Normal, 0), (Opcode("andi.", 289), Normal, 10), (Argument(Opaque("r3")), Normal, 0), (Basic(", "), Normal, 0), (Argument(Opaque("r3")), Normal, 0), (Basic(", "), Normal, 0), (Argument(Unsigned(220)), Normal, 0), (Eol, Normal, 0)]
[(Address(228), Normal, 5), (Spacing(4), Normal, 0), (Opcode("bne", 265), Normal, 10), (BranchDest(236), Normal, 0), (Basic(" ~>"), Rotating(10), 0), (Eol, Normal, 0)]
[(Address(232), Normal, 5), (Spacing(4), Normal, 0), (Opcode("stb", 445), Normal, 10), (Argument(Opaque("r0")), Normal, 0), (Basic(", "), Normal, 0), (Argument(Signed(0)), Normal, 0), (Basic("("), Normal, 0), (Argument(Opaque("r5")), Normal, 0), (Basic(")"), Normal, 0), (Eol, Normal, 0)]
[(Address(236), Normal, 5), (Basic(" ~> "), Rotating(10), 0), (Opcode("lbzu", 442), Normal, 10), (Argument(Opaque("r3")), Normal, 0), (Basic(", "), Normal, 0), (Argument(Signed(1)), Normal, 0), (Basic("("), Normal, 0), (Argument(Opaque("r5")), Normal, 0), (Basic(")"), Normal, 0), (Eol, Normal, 0)]
[(Address(240), Normal, 5), (Spacing(4), Normal, 0), (Opcode("lbzx", 323), Normal, 10), (Argument(Opaque("r3")), Normal, 0), (Basic(", "), Normal, 0), (Argument(Opaque("r4")), Normal, 0), (Basic(", "), Normal, 0), (Argument(Opaque("r3")), Normal, 0), (Basic(" <"), Normal, 0), (Symbol(Symbol { name: "__ctype_map", demangled_name: None, address: 0, size: 0, kind: Unknown, section: None, flags: FlagSet(Global), align: None, virtual_address: Some(0) }), Bright, 0), (Basic(">"), Normal, 0), (Eol, Normal, 0)]
[(Address(244), Normal, 5), (Spacing(4), Normal, 0), (Opcode("andi.", 289), Normal, 10), (Argument(Opaque("r3")), Normal, 0), (Basic(", "), Normal, 0), (Argument(Opaque("r3")), Normal, 0), (Basic(", "), Normal, 0), (Argument(Unsigned(220)), Normal, 0), (Eol, Normal, 0)]
[(Address(248), Normal, 5), (Spacing(4), Normal, 0), (Opcode("bne", 265), Normal, 10), (BranchDest(256), Normal, 0), (Basic(" ~>"), Rotating(11), 0), (Eol, Normal, 0)]
[(Address(252), Normal, 5), (Spacing(4), Normal, 0), (Opcode("stb", 445), Normal, 10), (Argument(Opaque("r0")), Normal, 0), (Basic(", "), Normal, 0), (Argument(Signed(0)), Normal, 0), (Basic("("), Normal, 0), (Argument(Opaque("r5")), Normal, 0), (Basic(")"), Normal, 0), (Eol, Normal, 0)]
[(Address(256), Normal, 5), (Basic(" ~> "), Rotating(11), 0), (Opcode("li", 263), Normal, 10), (Argument(Opaque("r3")), Normal, 0), (Basic(", "), Normal, 0), (Symbol(Symbol { name: "text$52", demangled_name: None, address: 8, size: 5, kind: Object, section: Some(2), flags: FlagSet(Local), align: None, virtual_address: Some(2153420056) }), Bright, 0), (Basic("@sda21"), Normal, 0), (Eol, Normal, 0)]
[(Address(260), Normal, 5), (Spacing(4), Normal, 0), (Opcode("blr", 269), Normal, 10), (Eol, Normal, 0)]
