---
source: objdiff-core/tests/arch_x86.rs
expression: output
---
[(Address(0), Dim, 5), (Spacing(4), Normal, 0), (Opcode("mov", 414), Normal, 10), (Argument(Opaque("eax")), Normal, 0), (Basic(","), Normal, 0), (Spacing(1), Normal, 0), (Basic("["), Normal, 0), (Argument(Opaque("esp")), Normal, 0), (Argument(Opaque("+")), Normal, 0), (Argument(Signed(4)), Normal, 0), (Basic("]"), Normal, 0), (Eol, Normal, 0)]
[(Address(4), Dim, 5), (Spacing(4), Normal, 0), (Opcode("dec", 137), Normal, 10), (Argument(Opaque("eax")), Normal, 0), (Eol, Normal, 0)]
[(Address(5), Dim, 5), (Spacing(4), Normal, 0), (Opcode("cmp", 93), Normal, 10), (Argument(Opaque("eax")), Normal, 0), (Basic(","), Normal, 0), (Spacing(1), Normal, 0), (Argument(Unsigned(6)), Normal, 0), (Eol, Normal, 0)]
[(Address(8), Dim, 5), (Spacing(4), Normal, 0), (Opcode("ja", 297), Normal, 10), (Argument(Opaque("short")), Normal, 0), (Spacing(1), Normal, 0), (BranchDest(58), Normal, 0), (Basic(" ~>"), Rotating(0), 0), (Eol, Normal, 0)]
[(Address(10), Dim, 5), (Spacing(4), Normal, 0), (Opcode("jmp", 308), Normal, 10), (Argument(Opaque("dword")), Normal, 0), (Spacing(1), Normal, 0), (Argument(Opaque("ptr")), Normal, 0), (Spacing(1), Normal, 0), (Basic("["), Normal, 0), (Argument(Opaque("eax")), Normal, 0), (Argument(Opaque("*")), Normal, 0), (Argument(Signed(4)), Normal, 0), (Argument(Opaque("+")), Normal, 0), (BranchDest(60), Normal, 0), (Basic("]"), Normal, 0), (Basic(" ~>"), Rotating(1), 0), (Eol, Normal, 0)]
[(Address(17), Dim, 5), (Basic(" ~> "), Rotating(2), 0), (Opcode("mov", 414), Normal, 10), (Argument(Opaque("eax")), Normal, 0), (Basic(","), Normal, 0), (Spacing(1), Normal, 0), (Argument(Unsigned(8)), Normal, 0), (Eol, Normal, 0)]
[(Address(22), Dim, 5), (Spacing(4), Normal, 0), (Opcode("ret", 662), Normal, 10), (Eol, Normal, 0)]
[(Address(23), Dim, 5), (Basic(" ~> "), Rotating(3), 0), (Opcode("mov", 414), Normal, 10), (Argument(Opaque("eax")), Normal, 0), (Basic(","), Normal, 0), (Spacing(1), Normal, 0), (Argument(Unsigned(7)), Normal, 0), (Eol, Normal, 0)]
[(Address(28), Dim, 5), (Spacing(4), Normal, 0), (Opcode("ret", 662), Normal, 10), (Eol, Normal, 0)]
[(Address(29), Dim, 5), (Basic(" ~> "), Rotating(4), 0), (Opcode("mov", 414), Normal, 10), (Argument(Opaque("eax")), Normal, 0), (Basic(","), Normal, 0), (Spacing(1), Normal, 0), (Argument(Unsigned(6)), Normal, 0), (Eol, Normal, 0)]
[(Address(34), Dim, 5), (Spacing(4), Normal, 0), (Opcode("ret", 662), Normal, 10), (Eol, Normal, 0)]
[(Address(35), Dim, 5), (Basic(" ~> "), Rotating(5), 0), (Opcode("mov", 414), Normal, 10), (Argument(Opaque("eax")), Normal, 0), (Basic(","), Normal, 0), (Spacing(1), Normal, 0), (Argument(Unsigned(5)), Normal, 0), (Eol, Normal, 0)]
[(Address(40), Dim, 5), (Spacing(4), Normal, 0), (Opcode("ret", 662), Normal, 10), (Eol, Normal, 0)]
[(Address(41), Dim, 5), (Basic(" ~> "), Rotating(6), 0), (Opcode("mov", 414), Normal, 10), (Argument(Opaque("eax")), Normal, 0), (Basic(","), Normal, 0), (Spacing(1), Normal, 0), (Argument(Unsigned(4)), Normal, 0), (Eol, Normal, 0)]
[(Address(46), Dim, 5), (Spacing(4), Normal, 0), (Opcode("ret", 662), Normal, 10), (Eol, Normal, 0)]
[(Address(47), Dim, 5), (Basic(" ~> "), Rotating(7), 0), (Opcode("mov", 414), Normal, 10), (Argument(Opaque("eax")), Normal, 0), (Basic(","), Normal, 0), (Spacing(1), Normal, 0), (Argument(Unsigned(3)), Normal, 0), (Eol, Normal, 0)]
[(Address(52), Dim, 5), (Spacing(4), Normal, 0), (Opcode("ret", 662), Normal, 10), (Eol, Normal, 0)]
[(Address(53), Dim, 5), (Basic(" ~> "), Rotating(8), 0), (Opcode("mov", 414), Normal, 10), (Argument(Opaque("eax")), Normal, 0), (Basic(","), Normal, 0), (Spacing(1), Normal, 0), (Argument(Unsigned(2)), Normal, 0), (Eol, Normal, 0)]
[(Address(58), Dim, 5), (Basic(" ~> "), Rotating(0), 0), (Opcode("ret", 662), Normal, 10), (Eol, Normal, 0)]
[(Address(59), Dim, 5), (Spacing(4), Normal, 0), (Opcode("nop", 465), Normal, 10), (Eol, Normal, 0)]
[(Address(60), Dim, 5), (Basic(" ~> "), Rotating(1), 0), (Opcode(".dword", 65534), Normal, 10), (BranchDest(17), Normal, 0), (Basic(" ~>"), Rotating(2), 0), (Eol, Normal, 0)]
[(Address(64), Dim, 5), (Spacing(4), Normal, 0), (Opcode(".dword", 65534), Normal, 10), (BranchDest(23), Normal, 0), (Basic(" ~>"), Rotating(3), 0), (Eol, Normal, 0)]
[(Address(68), Dim, 5), (Spacing(4), Normal, 0), (Opcode(".dword", 65534), Normal, 10), (BranchDest(29), Normal, 0), (Basic(" ~>"), Rotating(4), 0), (Eol, Normal, 0)]
[(Address(72), Dim, 5), (Spacing(4), Normal, 0), (Opcode(".dword", 65534), Normal, 10), (BranchDest(35), Normal, 0), (Basic(" ~>"), Rotating(5), 0), (Eol, Normal, 0)]
[(Address(76), Dim, 5), (Spacing(4), Normal, 0), (Opcode(".dword", 65534), Normal, 10), (BranchDest(41), Normal, 0), (Basic(" ~>"), Rotating(6), 0), (Eol, Normal, 0)]
[(Address(80), Dim, 5), (Spacing(4), Normal, 0), (Opcode(".dword", 65534), Normal, 10), (BranchDest(47), Normal, 0), (Basic(" ~>"), Rotating(7), 0), (Eol, Normal, 0)]
[(Address(84), Dim, 5), (Spacing(4), Normal, 0), (Opcode(".dword", 65534), Normal, 10), (BranchDest(53), Normal, 0), (Basic(" ~>"), Rotating(8), 0), (Eol, Normal, 0)]
