---
source: objdiff-core/tests/arch_arm.rs
assertion_line: 33
expression: output
---
[(Line(37), Dim, 5), (Address(0), Normal, 5), (Spacing(4), Normal, 0), (Opcode("push", 56), Normal, 10), (Basic("{"), Normal, 0), (Argument(Opaque("r3")), Normal, 0), (Basic(", "), Normal, 0), (Argument(Opaque("r4")), Normal, 0), (Basic(", "), Normal, 0), (Argument(Opaque("r5")), Normal, 0), (Basic(", "), Normal, 0), (Argument(Opaque("r6")), Normal, 0), (Basic(", "), Normal, 0), (Argument(Opaque("r7")), Normal, 0), (Basic(", "), Normal, 0), (Argument(Opaque("lr")), Normal, 0), (Basic("}"), Normal, 0), (Eol, Normal, 0)]
[(Line(37), Dim, 5), (Address(2), Normal, 5), (Spacing(4), Normal, 0), (Opcode("sub", 74), Normal, 10), (Argument(Opaque("sp")), Normal, 0), (Basic(", "), Normal, 0), (Argument(Opaque("sp")), Normal, 0), (Basic(", "), Normal, 0), (Basic("#"), Normal, 0), (Argument(Signed(16)), Normal, 0), (Eol, Normal, 0)]
[(Line(37), Dim, 5), (Address(4), Normal, 5), (Spacing(4), Normal, 0), (Opcode("mov", 47), Normal, 10), (Argument(Opaque("r5")), Normal, 0), (Basic(", "), Normal, 0), (Argument(Opaque("r0")), Normal, 0), (Eol, Normal, 0)]
[(Line(39), Dim, 5), (Address(6), Normal, 5), (Spacing(4), Normal, 0), (Opcode("mov", 47), Normal, 10), (Argument(Opaque("r0")), Normal, 0), (Basic(", "), Normal, 0), (Argument(Opaque("r3")), Normal, 0), (Eol, Normal, 0)]
[(Line(39), Dim, 5), (Address(8), Normal, 5), (Spacing(4), Normal, 0), (Opcode("mov", 47), Normal, 10), (Argument(Opaque("r4")), Normal, 0), (Basic(", "), Normal, 0), (Argument(Opaque("r1")), Normal, 0), (Eol, Normal, 0)]
[(Line(39), Dim, 5), (Address(10), Normal, 5), (Spacing(4), Normal, 0), (Opcode("mov", 47), Normal, 10), (Argument(Opaque("r6")), Normal, 0), (Basic(", "), Normal, 0), (Argument(Opaque("r2")), Normal, 0), (Eol, Normal, 0)]
[(Line(39), Dim, 5), (Address(12), Normal, 5), (Spacing(4), Normal, 0), (Opcode("str", 66), Normal, 10), (Argument(Opaque("r3")), Normal, 0), (Basic(", "), Normal, 0), (Basic("["), Normal, 0), (Argument(Opaque("sp")), Normal, 0), (Basic(", "), Normal, 0), (Basic("#"), Normal, 0), (Argument(Signed(4)), Normal, 0), (Basic("]"), Normal, 0), (Eol, Normal, 0)]
[(Line(39), Dim, 5), (Address(14), Normal, 5), (Spacing(4), Normal, 0), (Opcode("bl", 19), Normal, 10), (Symbol(Symbol { name: "PokeSet_IsRemovedAll", demangled_name: None, address: 0, size: 0, kind: Unknown, section: None, flags: FlagSet(Global), align: None, virtual_address: None }), Bright, 0), (Addend(-4), Bright, 0), (Eol, Normal, 0)]
[(Line(39), Dim, 5), (Address(18), Normal, 5), (Spacing(4), Normal, 0), (Opcode("cmp", 25), Normal, 10), (Argument(Opaque("r0")), Normal, 0), (Basic(", "), Normal, 0), (Basic("#"), Normal, 0), (Argument(Unsigned(0)), Normal, 0), (Eol, Normal, 0)]
[(Line(39), Dim, 5), (Address(20), Normal, 5), (Spacing(4), Normal, 0), (Opcode("bne", 15), Normal, 10), (BranchDest(212), Normal, 0), (Basic(" ~>"), Rotating(0), 0), (Eol, Normal, 0)]
[(Line(44), Dim, 5), (Address(22), Normal, 5), (Spacing(4), Normal, 0), (Opcode("ldrh", 38), Normal, 10), (Argument(Opaque("r1")), Normal, 0), (Basic(", "), Normal, 0), (Basic("["), Normal, 0), (Argument(Opaque("r4")), Normal, 0), (Basic(", "), Normal, 0), (Basic("#"), Normal, 0), (Argument(Signed(0)), Normal, 0), (Basic("]"), Normal, 0), (Eol, Normal, 0)]
[(Line(44), Dim, 5), (Address(24), Normal, 5), (Spacing(4), Normal, 0), (Opcode("cmp", 25), Normal, 10), (Argument(Opaque("r1")), Normal, 0), (Basic(", "), Normal, 0), (Basic("#"), Normal, 0), (Argument(Unsigned(164)), Normal, 0), (Eol, Normal, 0)]
[(Line(44), Dim, 5), (Address(26), Normal, 5), (Spacing(4), Normal, 0), (Opcode("beq", 15), Normal, 10), (BranchDest(48), Normal, 0), (Basic(" ~>"), Rotating(1), 0), (Eol, Normal, 0)]
[(Line(44), Dim, 5), (Address(28), Normal, 5), (Spacing(4), Normal, 0), (Opcode("ldr", 34), Normal, 10), (Argument(Opaque("r0")), Normal, 0), (Basic(", "), Normal, 0), (Basic("["), Normal, 0), (Argument(Opaque("pc")), Normal, 0), (Basic(", "), Normal, 0), (Basic("#"), Normal, 0), (Argument(Signed(184)), Normal, 0), (Basic("]"), Normal, 0), (Basic(" (->"), Normal, 0), (BranchDest(216), Normal, 0), (Basic(")"), Normal, 0), (Eol, Normal, 0)]
[(Line(44), Dim, 5), (Address(30), Normal, 5), (Spacing(4), Normal, 0), (Opcode("cmp", 26), Normal, 10), (Argument(Opaque("r1")), Normal, 0), (Basic(", "), Normal, 0), (Argument(Opaque("r0")), Normal, 0), (Eol, Normal, 0)]
[(Line(44), Dim, 5), (Address(32), Normal, 5), (Spacing(4), Normal, 0), (Opcode("bne", 15), Normal, 10), (BranchDest(94), Normal, 0), (Basic(" ~>"), Rotating(2), 0), (Eol, Normal, 0)]
[(Line(47), Dim, 5), (Address(34), Normal, 5), (Spacing(4), Normal, 0), (Opcode("ldr", 35), Normal, 10), (Argument(Opaque("r2")), Normal, 0), (Basic(", "), Normal, 0), (Basic("["), Normal, 0), (Argument(Opaque("sp")), Normal, 0), (Basic(", "), Normal, 0), (Basic("#"), Normal, 0), (Argument(Signed(4)), Normal, 0), (Basic("]"), Normal, 0), (Eol, Normal, 0)]
[(Line(47), Dim, 5), (Address(36), Normal, 5), (Spacing(4), Normal, 0), (Opcode("mov", 47), Normal, 10), (Argument(Opaque("r0")), Normal, 0), (Basic(", "), Normal, 0), (Argument(Opaque("r5")), Normal, 0), (Eol, Normal, 0)]
[(Line(47), Dim, 5), (Address(38), Normal, 5), (Spacing(4), Normal, 0), (Opcode("mov", 47), Normal, 10), (Argument(Opaque("r1")), Normal, 0), (Basic(", "), Normal, 0), (Argument(Opaque("r6")), Normal, 0), (Eol, Normal, 0)]
[(Line(47), Dim, 5), (Address(40), Normal, 5), (Spacing(4), Normal, 0), (Opcode("bl", 19), Normal, 10), (Symbol(Symbol { name: "ServerDisplay_SkillSwap", demangled_name: None, address: 0, size: 0, kind: Unknown, section: None, flags: FlagSet(Global), align: None, virtual_address: None }), Bright, 0), (Addend(-4), Bright, 0), (Eol, Normal, 0)]
[(Line(86), Dim, 5), (Address(44), Normal, 5), (Spacing(4), Normal, 0), (Opcode("add", 7), Normal, 10), (Argument(Opaque("sp")), Normal, 0), (Basic(", "), Normal, 0), (Basic("#"), Normal, 0), (Argument(Signed(16)), Normal, 0), (Eol, Normal, 0)]
[(Line(86), Dim, 5), (Address(46), Normal, 5), (Spacing(4), Normal, 0), (Opcode("pop", 55), Normal, 10), (Basic("{"), Normal, 0), (Argument(Opaque("r3")), Normal, 0), (Basic(", "), Normal, 0), (Argument(Opaque("r4")), Normal, 0), (Basic(", "), Normal, 0), (Argument(Opaque("r5")), Normal, 0), (Basic(", "), Normal, 0), (Argument(Opaque("r6")), Normal, 0), (Basic(", "), Normal, 0), (Argument(Opaque("r7")), Normal, 0), (Basic(", "), Normal, 0), (Argument(Opaque("pc")), Normal, 0), (Basic("}"), Normal, 0), (Eol, Normal, 0)]
[(Line(50), Dim, 5), (Address(48), Normal, 5), (Basic(" ~> "), Rotating(1), 0), (Opcode("mov", 47), Normal, 10), (Argument(Opaque("r0")), Normal, 0), (Basic(", "), Normal, 0), (Argument(Opaque("r5")), Normal, 0), (Eol, Normal, 0)]
[(Line(50), Dim, 5), (Address(50), Normal, 5), (Spacing(4), Normal, 0), (Opcode("mov", 47), Normal, 10), (Argument(Opaque("r1")), Normal, 0), (Basic(", "), Normal, 0), (Argument(Opaque("r6")), Normal, 0), (Eol, Normal, 0)]
[(Line(50), Dim, 5), (Address(52), Normal, 5), (Spacing(4), Normal, 0), (Opcode("bl", 19), Normal, 10), (Symbol(Symbol { name: "ServerEvent_CreateSubstitute", demangled_name: None, address: 0, size: 0, kind: Unknown, section: None, flags: FlagSet(Global), align: None, virtual_address: None }), Bright, 0), (Addend(-4), Bright, 0), (Eol, Normal, 0)]
[(Line(50), Dim, 5), (Address(56), Normal, 5), (Spacing(4), Normal, 0), (Opcode("cmp", 25), Normal, 10), (Argument(Opaque("r0")), Normal, 0), (Basic(", "), Normal, 0), (Basic("#"), Normal, 0), (Argument(Unsigned(0)), Normal, 0), (Eol, Normal, 0)]
[(Line(50), Dim, 5), (Address(58), Normal, 5), (Spacing(4), Normal, 0), (Opcode("beq", 15), Normal, 10), (BranchDest(212), Normal, 0), (Basic(" ~>"), Rotating(0), 0), (Eol, Normal, 0)]
[(Line(52), Dim, 5), (Address(60), Normal, 5), (Spacing(4), Normal, 0), (Opcode("ldr", 34), Normal, 10), (Argument(Opaque("r0")), Normal, 0), (Basic(", "), Normal, 0), (Basic("["), Normal, 0), (Argument(Opaque("pc")), Normal, 0), (Basic(", "), Normal, 0), (Basic("#"), Normal, 0), (Argument(Signed(156)), Normal, 0), (Basic("]"), Normal, 0), (Basic(" (->"), Normal, 0), (BranchDest(220), Normal, 0), (Basic(")"), Normal, 0), (Eol, Normal, 0)]
[(Line(52), Dim, 5), (Address(62), Normal, 5), (Spacing(4), Normal, 0), (Opcode("ldr", 33), Normal, 10), (Argument(Opaque("r0")), Normal, 0), (Basic(", "), Normal, 0), (Basic("["), Normal, 0), (Argument(Opaque("r5")), Normal, 0), (Basic(", "), Normal, 0), (Argument(Opaque("r0")), Normal, 0), (Basic("]"), Normal, 0), (Eol, Normal, 0)]
[(Line(52), Dim, 5), (Address(64), Normal, 5), (Spacing(4), Normal, 0), (Opcode("ldrb", 36), Normal, 10), (Argument(Opaque("r2")), Normal, 0), (Basic(", "), Normal, 0), (Basic("["), Normal, 0), (Argument(Opaque("r0")), Normal, 0), (Basic(", "), Normal, 0), (Basic("#"), Normal, 0), (Argument(Signed(5)), Normal, 0), (Basic("]"), Normal, 0), (Eol, Normal, 0)]
[(Line(52), Dim, 5), (Address(66), Normal, 5), (Spacing(4), Normal, 0), (Opcode("lsl", 42), Normal, 10), (Argument(Opaque("r1")), Normal, 0), (Basic(", "), Normal, 0), (Argument(Opaque("r2")), Normal, 0), (Basic(", "), Normal, 0), (Basic("#"), Normal, 0), (Argument(Unsigned(31)), Normal, 0), (Eol, Normal, 0)]
[(Line(52), Dim, 5), (Address(68), Normal, 5), (Spacing(4), Normal, 0), (Opcode("lsr", 44), Normal, 10), (Argument(Opaque("r1")), Normal, 0), (Basic(", "), Normal, 0), (Argument(Opaque("r1")), Normal, 0), (Basic(", "), Normal, 0), (Basic("#"), Normal, 0), (Argument(Unsigned(31)), Normal, 0), (Eol, Normal, 0)]
[(Line(52), Dim, 5), (Address(70), Normal, 5), (Spacing(4), Normal, 0), (Opcode("bne", 15), Normal, 10), (BranchDest(212), Normal, 0), (Basic(" ~>"), Rotating(0), 0), (Eol, Normal, 0)]
[(Line(52), Dim, 5), (Address(72), Normal, 5), (Spacing(4), Normal, 0), (Opcode("mov", 46), Normal, 10), (Argument(Opaque("r1")), Normal, 0), (Basic(", "), Normal, 0), (Basic("#"), Normal, 0), (Argument(Unsigned(1)), Normal, 0), (Eol, Normal, 0)]
[(Line(52), Dim, 5), (Address(74), Normal, 5), (Spacing(4), Normal, 0), (Opcode("bic", 17), Normal, 10), (Argument(Opaque("r2")), Normal, 0), (Basic(", "), Normal, 0), (Argument(Opaque("r1")), Normal, 0), (Eol, Normal, 0)]
[(Line(52), Dim, 5), (Address(76), Normal, 5), (Spacing(4), Normal, 0), (Opcode("mov", 46), Normal, 10), (Argument(Opaque("r1")), Normal, 0), (Basic(", "), Normal, 0), (Basic("#"), Normal, 0), (Argument(Unsigned(1)), Normal, 0), (Eol, Normal, 0)]
[(Line(52), Dim, 5), (Address(78), Normal, 5), (Spacing(4), Normal, 0), (Opcode("orr", 54), Normal, 10), (Argument(Opaque("r1")), Normal, 0), (Basic(", "), Normal, 0), (Argument(Opaque("r2")), Normal, 0), (Eol, Normal, 0)]
[(Line(52), Dim, 5), (Address(80), Normal, 5), (Spacing(4), Normal, 0), (Opcode("strb", 67), Normal, 10), (Argument(Opaque("r1")), Normal, 0), (Basic(", "), Normal, 0), (Basic("["), Normal, 0), (Argument(Opaque("r0")), Normal, 0), (Basic(", "), Normal, 0), (Basic("#"), Normal, 0), (Argument(Signed(5)), Normal, 0), (Basic("]"), Normal, 0), (Eol, Normal, 0)]
[(Line(52), Dim, 5), (Address(82), Normal, 5), (Spacing(4), Normal, 0), (Opcode("ldrb", 36), Normal, 10), (Argument(Opaque("r2")), Normal, 0), (Basic(", "), Normal, 0), (Basic("["), Normal, 0), (Argument(Opaque("r0")), Normal, 0), (Basic(", "), Normal, 0), (Basic("#"), Normal, 0), (Argument(Signed(5)), Normal, 0), (Basic("]"), Normal, 0), (Eol, Normal, 0)]
[(Line(52), Dim, 5), (Address(84), Normal, 5), (Spacing(4), Normal, 0), (Opcode("mov", 46), Normal, 10), (Argument(Opaque("r1")), Normal, 0), (Basic(", "), Normal, 0), (Basic("#"), Normal, 0), (Argument(Unsigned(2)), Normal, 0), (Eol, Normal, 0)]
[(Line(86), Dim, 5), (Address(86), Normal, 5), (Spacing(4), Normal, 0), (Opcode("add", 7), Normal, 10), (Argument(Opaque("sp")), Normal, 0), (Basic(", "), Normal, 0), (Basic("#"), Normal, 0), (Argument(Signed(16)), Normal, 0), (Eol, Normal, 0)]
[(Line(52), Dim, 5), (Address(88), Normal, 5), (Spacing(4), Normal, 0), (Opcode("orr", 54), Normal, 10), (Argument(Opaque("r1")), Normal, 0), (Basic(", "), Normal, 0), (Argument(Opaque("r2")), Normal, 0), (Eol, Normal, 0)]
[(Line(52), Dim, 5), (Address(90), Normal, 5), (Spacing(4), Normal, 0), (Opcode("strb", 67), Normal, 10), (Argument(Opaque("r1")), Normal, 0), (Basic(", "), Normal, 0), (Basic("["), Normal, 0), (Argument(Opaque("r0")), Normal, 0), (Basic(", "), Normal, 0), (Basic("#"), Normal, 0), (Argument(Signed(5)), Normal, 0), (Basic("]"), Normal, 0), (Eol, Normal, 0)]
[(Line(86), Dim, 5), (Address(92), Normal, 5), (Spacing(4), Normal, 0), (Opcode("pop", 55), Normal, 10), (Basic("{"), Normal, 0), (Argument(Opaque("r3")), Normal, 0), (Basic(", "), Normal, 0), (Argument(Opaque("r4")), Normal, 0), (Basic(", "), Normal, 0), (Argument(Opaque("r5")), Normal, 0), (Basic(", "), Normal, 0), (Argument(Opaque("r6")), Normal, 0), (Basic(", "), Normal, 0), (Argument(Opaque("r7")), Normal, 0), (Basic(", "), Normal, 0), (Argument(Opaque("pc")), Normal, 0), (Basic("}"), Normal, 0), (Eol, Normal, 0)]
[(Line(57), Dim, 5), (Address(94), Normal, 5), (Basic(" ~> "), Rotating(2), 0), (Opcode("ldr", 34), Normal, 10), (Argument(Opaque("r0")), Normal, 0), (Basic(", "), Normal, 0), (Basic("["), Normal, 0), (Argument(Opaque("pc")), Normal, 0), (Basic(", "), Normal, 0), (Basic("#"), Normal, 0), (Argument(Signed(128)), Normal, 0), (Basic("]"), Normal, 0), (Basic(" (->"), Normal, 0), (BranchDest(224), Normal, 0), (Basic(")"), Normal, 0), (Eol, Normal, 0)]
[(Line(57), Dim, 5), (Address(96), Normal, 5), (Spacing(4), Normal, 0), (Opcode("ldr", 34), Normal, 10), (Argument(Opaque("r1")), Normal, 0), (Basic(", "), Normal, 0), (Basic("["), Normal, 0), (Argument(Opaque("pc")), Normal, 0), (Basic(", "), Normal, 0), (Basic("#"), Normal, 0), (Argument(Signed(128)), Normal, 0), (Basic("]"), Normal, 0), (Basic(" (->"), Normal, 0), (BranchDest(228), Normal, 0), (Basic(")"), Normal, 0), (Eol, Normal, 0)]
[(Line(57), Dim, 5), (Address(98), Normal, 5), (Spacing(4), Normal, 0), (Opcode("add", 4), Normal, 10), (Argument(Opaque("r0")), Normal, 0), (Basic(", "), Normal, 0), (Argument(Opaque("r5")), Normal, 0), (Basic(", "), Normal, 0), (Argument(Opaque("r0")), Normal, 0), (Eol, Normal, 0)]
[(Line(57), Dim, 5), (Address(100), Normal, 5), (Spacing(4), Normal, 0), (Opcode("bl", 19), Normal, 10), (Symbol(Symbol { name: "HEManager_PushState", demangled_name: None, address: 0, size: 0, kind: Unknown, section: None, flags: FlagSet(Global), align: None, virtual_address: None }), Bright, 0), (Addend(-4), Bright, 0), (Eol, Normal, 0)]
[(Line(57), Dim, 5), (Address(104), Normal, 5), (Spacing(4), Normal, 0), (Opcode("str", 66), Normal, 10), (Argument(Opaque("r0")), Normal, 0), (Basic(", "), Normal, 0), (Basic("["), Normal, 0), (Argument(Opaque("sp")), Normal, 0), (Basic(", "), Normal, 0), (Basic("#"), Normal, 0), (Argument(Signed(8)), Normal, 0), (Basic("]"), Normal, 0), (Eol, Normal, 0)]
[(Line(61), Dim, 5), (Address(106), Normal, 5), (Spacing(4), Normal, 0), (Opcode("mov", 47), Normal, 10), (Argument(Opaque("r0")), Normal, 0), (Basic(", "), Normal, 0), (Argument(Opaque("r5")), Normal, 0), (Eol, Normal, 0)]
[(Line(61), Dim, 5), (Address(108), Normal, 5), (Spacing(4), Normal, 0), (Opcode("bl", 19), Normal, 10), (Symbol(Symbol { name: "BattleHandler_Result", demangled_name: None, address: 0, size: 0, kind: Unknown, section: None, flags: FlagSet(Global), align: None, virtual_address: None }), Bright, 0), (Addend(-4), Bright, 0), (Eol, Normal, 0)]
[(Line(61), Dim, 5), (Address(112), Normal, 5), (Spacing(4), Normal, 0), (Opcode("mov", 47), Normal, 10), (Argument(Opaque("r7")), Normal, 0), (Basic(", "), Normal, 0), (Argument(Opaque("r0")), Normal, 0), (Eol, Normal, 0)]
[(Line(63), Dim, 5), (Address(114), Normal, 5), (Spacing(4), Normal, 0), (Opcode("add", 6), Normal, 10), (Argument(Opaque("r0")), Normal, 0), (Basic(", "), Normal, 0), (Argument(Opaque("sp")), Normal, 0), (Basic(", "), Normal, 0), (Basic("#"), Normal, 0), (Argument(Signed(12)), Normal, 0), (Eol, Normal, 0)]
[(Line(63), Dim, 5), (Address(116), Normal, 5), (Spacing(4), Normal, 0), (Opcode("str", 66), Normal, 10), (Argument(Opaque("r0")), Normal, 0), (Basic(", "), Normal, 0), (Basic("["), Normal, 0), (Argument(Opaque("sp")), Normal, 0), (Basic(", "), Normal, 0), (Basic("#"), Normal, 0), (Argument(Signed(0)), Normal, 0), (Basic("]"), Normal, 0), (Eol, Normal, 0)]
[(Line(63), Dim, 5), (Address(118), Normal, 5), (Spacing(4), Normal, 0), (Opcode("ldr", 35), Normal, 10), (Argument(Opaque("r3")), Normal, 0), (Basic(", "), Normal, 0), (Basic("["), Normal, 0), (Argument(Opaque("sp")), Normal, 0), (Basic(", "), Normal, 0), (Basic("#"), Normal, 0), (Argument(Signed(4)), Normal, 0), (Basic("]"), Normal, 0), (Eol, Normal, 0)]
[(Line(63), Dim, 5), (Address(120), Normal, 5), (Spacing(4), Normal, 0), (Opcode("mov", 47), Normal, 10), (Argument(Opaque("r0")), Normal, 0), (Basic(", "), Normal, 0), (Argument(Opaque("r5")), Normal, 0), (Eol, Normal, 0)]
[(Line(63), Dim, 5), (Address(122), Normal, 5), (Spacing(4), Normal, 0), (Opcode("mov", 47), Normal, 10), (Argument(Opaque("r1")), Normal, 0), (Basic(", "), Normal, 0), (Argument(Opaque("r4")), Normal, 0), (Eol, Normal, 0)]
[(Line(63), Dim, 5), (Address(124), Normal, 5), (Spacing(4), Normal, 0), (Opcode("mov", 47), Normal, 10), (Argument(Opaque("r2")), Normal, 0), (Basic(", "), Normal, 0), (Argument(Opaque("r6")), Normal, 0), (Eol, Normal, 0)]
[(Line(63), Dim, 5), (Address(126), Normal, 5), (Spacing(4), Normal, 0), (Opcode("bl", 19), Normal, 10), (Symbol(Symbol { name: "ServerEvent_UncategorizedMove", demangled_name: None, address: 0, size: 0, kind: Unknown, section: None, flags: FlagSet(Global), align: None, virtual_address: None }), Bright, 0), (Addend(-4), Bright, 0), (Eol, Normal, 0)]
[(Line(63), Dim, 5), (Address(130), Normal, 5), (Spacing(4), Normal, 0), (Opcode("cmp", 25), Normal, 10), (Argument(Opaque("r0")), Normal, 0), (Basic(", "), Normal, 0), (Basic("#"), Normal, 0), (Argument(Unsigned(0)), Normal, 0), (Eol, Normal, 0)]
[(Line(63), Dim, 5), (Address(132), Normal, 5), (Spacing(4), Normal, 0), (Opcode("beq", 15), Normal, 10), (BranchDest(168), Normal, 0), (Basic(" ~>"), Rotating(3), 0), (Eol, Normal, 0)]
[(Line(65), Dim, 5), (Address(134), Normal, 5), (Spacing(4), Normal, 0), (Opcode("mov", 47), Normal, 10), (Argument(Opaque("r0")), Normal, 0), (Basic(", "), Normal, 0), (Argument(Opaque("r5")), Normal, 0), (Eol, Normal, 0)]
[(Line(65), Dim, 5), (Address(136), Normal, 5), (Spacing(4), Normal, 0), (Opcode("bl", 19), Normal, 10), (Symbol(Symbol { name: "BattleHandler_Result", demangled_name: None, address: 0, size: 0, kind: Unknown, section: None, flags: FlagSet(Global), align: None, virtual_address: None }), Bright, 0), (Addend(-4), Bright, 0), (Eol, Normal, 0)]
[(Line(65), Dim, 5), (Address(140), Normal, 5), (Spacing(4), Normal, 0), (Opcode("mov", 47), Normal, 10), (Argument(Opaque("r7")), Normal, 0), (Basic(", "), Normal, 0), (Argument(Opaque("r0")), Normal, 0), (Eol, Normal, 0)]
[(Line(66), Dim, 5), (Address(142), Normal, 5), (Spacing(4), Normal, 0), (Opcode("cmp", 25), Normal, 10), (Argument(Opaque("r7")), Normal, 0), (Basic(", "), Normal, 0), (Basic("#"), Normal, 0), (Argument(Unsigned(2)), Normal, 0), (Eol, Normal, 0)]
[(Line(66), Dim, 5), (Address(144), Normal, 5), (Spacing(4), Normal, 0), (Opcode("bne", 15), Normal, 10), (BranchDest(168), Normal, 0), (Basic(" ~>"), Rotating(3), 0), (Eol, Normal, 0)]
[(Line(68), Dim, 5), (Address(146), Normal, 5), (Spacing(4), Normal, 0), (Opcode("ldr", 34), Normal, 10), (Argument(Opaque("r0")), Normal, 0), (Basic(", "), Normal, 0), (Basic("["), Normal, 0), (Argument(Opaque("pc")), Normal, 0), (Basic(", "), Normal, 0), (Basic("#"), Normal, 0), (Argument(Signed(72)), Normal, 0), (Basic("]"), Normal, 0), (Basic(" (->"), Normal, 0), (BranchDest(220), Normal, 0), (Basic(")"), Normal, 0), (Eol, Normal, 0)]
[(Line(68), Dim, 5), (Address(148), Normal, 5), (Spacing(4), Normal, 0), (Opcode("ldr", 33), Normal, 10), (Argument(Opaque("r0")), Normal, 0), (Basic(", "), Normal, 0), (Basic("["), Normal, 0), (Argument(Opaque("r5")), Normal, 0), (Basic(", "), Normal, 0), (Argument(Opaque("r0")), Normal, 0), (Basic("]"), Normal, 0), (Eol, Normal, 0)]
[(Line(68), Dim, 5), (Address(150), Normal, 5), (Spacing(4), Normal, 0), (Opcode("ldrb", 36), Normal, 10), (Argument(Opaque("r2")), Normal, 0), (Basic(", "), Normal, 0), (Basic("["), Normal, 0), (Argument(Opaque("r0")), Normal, 0), (Basic(", "), Normal, 0), (Basic("#"), Normal, 0), (Argument(Signed(5)), Normal, 0), (Basic("]"), Normal, 0), (Eol, Normal, 0)]
[(Line(68), Dim, 5), (Address(152), Normal, 5), (Spacing(4), Normal, 0), (Opcode("lsl", 42), Normal, 10), (Argument(Opaque("r1")), Normal, 0), (Basic(", "), Normal, 0), (Argument(Opaque("r2")), Normal, 0), (Basic(", "), Normal, 0), (Basic("#"), Normal, 0), (Argument(Unsigned(31)), Normal, 0), (Eol, Normal, 0)]
[(Line(68), Dim, 5), (Address(154), Normal, 5), (Spacing(4), Normal, 0), (Opcode("lsr", 44), Normal, 10), (Argument(Opaque("r1")), Normal, 0), (Basic(", "), Normal, 0), (Argument(Opaque("r1")), Normal, 0), (Basic(", "), Normal, 0), (Basic("#"), Normal, 0), (Argument(Unsigned(31)), Normal, 0), (Eol, Normal, 0)]
[(Line(68), Dim, 5), (Address(156), Normal, 5), (Spacing(4), Normal, 0), (Opcode("bne", 15), Normal, 10), (BranchDest(168), Normal, 0), (Basic(" ~>"), Rotating(3), 0), (Eol, Normal, 0)]
[(Line(68), Dim, 5), (Address(158), Normal, 5), (Spacing(4), Normal, 0), (Opcode("mov", 46), Normal, 10), (Argument(Opaque("r1")), Normal, 0), (Basic(", "), Normal, 0), (Basic("#"), Normal, 0), (Argument(Unsigned(1)), Normal, 0), (Eol, Normal, 0)]
[(Line(68), Dim, 5), (Address(160), Normal, 5), (Spacing(4), Normal, 0), (Opcode("bic", 17), Normal, 10), (Argument(Opaque("r2")), Normal, 0), (Basic(", "), Normal, 0), (Argument(Opaque("r1")), Normal, 0), (Eol, Normal, 0)]
[(Line(68), Dim, 5), (Address(162), Normal, 5), (Spacing(4), Normal, 0), (Opcode("mov", 46), Normal, 10), (Argument(Opaque("r1")), Normal, 0), (Basic(", "), Normal, 0), (Basic("#"), Normal, 0), (Argument(Unsigned(1)), Normal, 0), (Eol, Normal, 0)]
[(Line(68), Dim, 5), (Address(164), Normal, 5), (Spacing(4), Normal, 0), (Opcode("orr", 54), Normal, 10), (Argument(Opaque("r1")), Normal, 0), (Basic(", "), Normal, 0), (Argument(Opaque("r2")), Normal, 0), (Eol, Normal, 0)]
[(Line(68), Dim, 5), (Address(166), Normal, 5), (Spacing(4), Normal, 0), (Opcode("strb", 67), Normal, 10), (Argument(Opaque("r1")), Normal, 0), (Basic(", "), Normal, 0), (Basic("["), Normal, 0), (Argument(Opaque("r0")), Normal, 0), (Basic(", "), Normal, 0), (Basic("#"), Normal, 0), (Argument(Signed(5)), Normal, 0), (Basic("]"), Normal, 0), (Eol, Normal, 0)]
[(Line(72), Dim, 5), (Address(168), Normal, 5), (Basic(" ~> "), Rotating(3), 0), (Opcode("cmp", 25), Normal, 10), (Argument(Opaque("r7")), Normal, 0), (Basic(", "), Normal, 0), (Basic("#"), Normal, 0), (Argument(Unsigned(1)), Normal, 0), (Eol, Normal, 0)]
[(Line(72), Dim, 5), (Address(170), Normal, 5), (Spacing(4), Normal, 0), (Opcode("bhi", 15), Normal, 10), (BranchDest(200), Normal, 0), (Basic(" ~>"), Rotating(4), 0), (Eol, Normal, 0)]
[(Line(75), Dim, 5), (Address(172), Normal, 5), (Spacing(4), Normal, 0), (Opcode("ldr", 35), Normal, 10), (Argument(Opaque("r0")), Normal, 0), (Basic(", "), Normal, 0), (Basic("["), Normal, 0), (Argument(Opaque("sp")), Normal, 0), (Basic(", "), Normal, 0), (Basic("#"), Normal, 0), (Argument(Signed(12)), Normal, 0), (Basic("]"), Normal, 0), (Eol, Normal, 0)]
[(Line(75), Dim, 5), (Address(174), Normal, 5), (Spacing(4), Normal, 0), (Opcode("cmp", 25), Normal, 10), (Argument(Opaque("r0")), Normal, 0), (Basic(", "), Normal, 0), (Basic("#"), Normal, 0), (Argument(Unsigned(0)), Normal, 0), (Eol, Normal, 0)]
[(Line(75), Dim, 5), (Address(176), Normal, 5), (Spacing(4), Normal, 0), (Opcode("beq", 15), Normal, 10), (BranchDest(200), Normal, 0), (Basic(" ~>"), Rotating(4), 0), (Eol, Normal, 0)]
[(Line(75), Dim, 5), (Address(178), Normal, 5), (Spacing(4), Normal, 0), (Opcode("ldr", 34), Normal, 10), (Argument(Opaque("r0")), Normal, 0), (Basic(", "), Normal, 0), (Basic("["), Normal, 0), (Argument(Opaque("pc")), Normal, 0), (Basic(", "), Normal, 0), (Basic("#"), Normal, 0), (Argument(Signed(52)), Normal, 0), (Basic("]"), Normal, 0), (Basic(" (->"), Normal, 0), (BranchDest(232), Normal, 0), (Basic(")"), Normal, 0), (Eol, Normal, 0)]
[(Line(75), Dim, 5), (Address(180), Normal, 5), (Spacing(4), Normal, 0), (Opcode("ldrb", 37), Normal, 10), (Argument(Opaque("r0")), Normal, 0), (Basic(", "), Normal, 0), (Basic("["), Normal, 0), (Argument(Opaque("r5")), Normal, 0), (Basic(", "), Normal, 0), (Argument(Opaque("r0")), Normal, 0), (Basic("]"), Normal, 0), (Eol, Normal, 0)]
[(Line(75), Dim, 5), (Address(182), Normal, 5), (Spacing(4), Normal, 0), (Opcode("lsl", 42), Normal, 10), (Argument(Opaque("r0")), Normal, 0), (Basic(", "), Normal, 0), (Argument(Opaque("r0")), Normal, 0), (Basic(", "), Normal, 0), (Basic("#"), Normal, 0), (Argument(Unsigned(27)), Normal, 0), (Eol, Normal, 0)]
[(Line(75), Dim, 5), (Address(184), Normal, 5), (Spacing(4), Normal, 0), (Opcode("lsr", 44), Normal, 10), (Argument(Opaque("r0")), Normal, 0), (Basic(", "), Normal, 0), (Argument(Opaque("r0")), Normal, 0), (Basic(", "), Normal, 0), (Basic("#"), Normal, 0), (Argument(Unsigned(31)), Normal, 0), (Eol, Normal, 0)]
[(Line(75), Dim, 5), (Address(186), Normal, 5), (Spacing(4), Normal, 0), (Opcode("bne", 15), Normal, 10), (BranchDest(200), Normal, 0), (Basic(" ~>"), Rotating(4), 0), (Eol, Normal, 0)]
[(Line(77), Dim, 5), (Address(188), Normal, 5), (Spacing(4), Normal, 0), (Opcode("ldr", 32), Normal, 10), (Argument(Opaque("r0")), Normal, 0), (Basic(", "), Normal, 0), (Basic("["), Normal, 0), (Argument(Opaque("r5")), Normal, 0), (Basic(", "), Normal, 0), (Basic("#"), Normal, 0), (Argument(Signed(12)), Normal, 0), (Basic("]"), Normal, 0), (Eol, Normal, 0)]
[(Line(77), Dim, 5), (Address(190), Normal, 5), (Spacing(4), Normal, 0), (Opcode("ldr", 34), Normal, 10), (Argument(Opaque("r3")), Normal, 0), (Basic(", "), Normal, 0), (Basic("["), Normal, 0), (Argument(Opaque("pc")), Normal, 0), (Basic(", "), Normal, 0), (Basic("#"), Normal, 0), (Argument(Signed(44)), Normal, 0), (Basic("]"), Normal, 0), (Basic(" (->"), Normal, 0), (BranchDest(236), Normal, 0), (Basic(")"), Normal, 0), (Eol, Normal, 0)]
[(Line(77), Dim, 5), (Address(192), Normal, 5), (Spacing(4), Normal, 0), (Opcode("mov", 46), Normal, 10), (Argument(Opaque("r1")), Normal, 0), (Basic(", "), Normal, 0), (Basic("#"), Normal, 0), (Argument(Unsigned(90)), Normal, 0), (Eol, Normal, 0)]
[(Line(77), Dim, 5), (Address(194), Normal, 5), (Spacing(4), Normal, 0), (Opcode("mov", 46), Normal, 10), (Argument(Opaque("r2")), Normal, 0), (Basic(", "), Normal, 0), (Basic("#"), Normal, 0), (Argument(Unsigned(71)), Normal, 0), (Eol, Normal, 0)]
[(Line(77), Dim, 5), (Address(196), Normal, 5), (Spacing(4), Normal, 0), (Opcode("bl", 19), Normal, 10), (Symbol(Symbol { name: "SCQUE_PUT_MsgImpl", demangled_name: None, address: 0, size: 0, kind: Unknown, section: None, flags: FlagSet(Global), align: None, virtual_address: None }), Bright, 0), (Addend(-4), Bright, 0), (Eol, Normal, 0)]
[(Line(81), Dim, 5), (Address(200), Normal, 5), (Basic(" ~> "), Rotating(4), 0), (Opcode("ldr", 34), Normal, 10), (Argument(Opaque("r0")), Normal, 0), (Basic(", "), Normal, 0), (Basic("["), Normal, 0), (Argument(Opaque("pc")), Normal, 0), (Basic(", "), Normal, 0), (Basic("#"), Normal, 0), (Argument(Signed(20)), Normal, 0), (Basic("]"), Normal, 0), (Basic(" (->"), Normal, 0), (BranchDest(224), Normal, 0), (Basic(")"), Normal, 0), (Eol, Normal, 0)]
[(Line(81), Dim, 5), (Address(202), Normal, 5), (Spacing(4), Normal, 0), (Opcode("ldr", 35), Normal, 10), (Argument(Opaque("r1")), Normal, 0), (Basic(", "), Normal, 0), (Basic("["), Normal, 0), (Argument(Opaque("sp")), Normal, 0), (Basic(", "), Normal, 0), (Basic("#"), Normal, 0), (Argument(Signed(8)), Normal, 0), (Basic("]"), Normal, 0), (Eol, Normal, 0)]
[(Line(81), Dim, 5), (Address(204), Normal, 5), (Spacing(4), Normal, 0), (Opcode("ldr", 34), Normal, 10), (Argument(Opaque("r2")), Normal, 0), (Basic(", "), Normal, 0), (Basic("["), Normal, 0), (Argument(Opaque("pc")), Normal, 0), (Basic(", "), Normal, 0), (Basic("#"), Normal, 0), (Argument(Signed(32)), Normal, 0), (Basic("]"), Normal, 0), (Basic(" (->"), Normal, 0), (BranchDest(240), Normal, 0), (Basic(")"), Normal, 0), (Eol, Normal, 0)]
[(Line(81), Dim, 5), (Address(206), Normal, 5), (Spacing(4), Normal, 0), (Opcode("add", 4), Normal, 10), (Argument(Opaque("r0")), Normal, 0), (Basic(", "), Normal, 0), (Argument(Opaque("r5")), Normal, 0), (Basic(", "), Normal, 0), (Argument(Opaque("r0")), Normal, 0), (Eol, Normal, 0)]
[(Line(81), Dim, 5), (Address(208), Normal, 5), (Spacing(4), Normal, 0), (Opcode("bl", 19), Normal, 10), (Symbol(Symbol { name: "HEManager_PopState", demangled_name: None, address: 0, size: 0, kind: Unknown, section: None, flags: FlagSet(Global), align: None, virtual_address: None }), Bright, 0), (Addend(-4), Bright, 0), (Eol, Normal, 0)]
[(Line(86), Dim, 5), (Address(212), Normal, 5), (Basic(" ~> "), Rotating(0), 0), (Opcode("add", 7), Normal, 10), (Argument(Opaque("sp")), Normal, 0), (Basic(", "), Normal, 0), (Basic("#"), Normal, 0), (Argument(Signed(16)), Normal, 0), (Eol, Normal, 0)]
[(Line(86), Dim, 5), (Address(214), Normal, 5), (Spacing(4), Normal, 0), (Opcode("pop", 55), Normal, 10), (Basic("{"), Normal, 0), (Argument(Opaque("r3")), Normal, 0), (Basic(", "), Normal, 0), (Argument(Opaque("r4")), Normal, 0), (Basic(", "), Normal, 0), (Argument(Opaque("r5")), Normal, 0), (Basic(", "), Normal, 0), (Argument(Opaque("r6")), Normal, 0), (Basic(", "), Normal, 0), (Argument(Opaque("r7")), Normal, 0), (Basic(", "), Normal, 0), (Argument(Opaque("pc")), Normal, 0), (Basic("}"), Normal, 0), (Eol, Normal, 0)]
[(Line(86), Dim, 5), (Address(216), Normal, 5), (Spacing(4), Normal, 0), (Opcode(".word", 65535), Normal, 10), (Basic("#"), Normal, 0), (Argument(Unsigned(285)), Normal, 0), (Eol, Normal, 0)]
[(Line(86), Dim, 5), (Address(220), Normal, 5), (Spacing(4), Normal, 0), (Opcode(".word", 65535), Normal, 10), (Basic("#"), Normal, 0), (Argument(Unsigned(1192)), Normal, 0), (Eol, Normal, 0)]
[(Line(86), Dim, 5), (Address(224), Normal, 5), (Spacing(4), Normal, 0), (Opcode(".word", 65535), Normal, 10), (Basic("#"), Normal, 0), (Argument(Unsigned(7544)), Normal, 0), (Eol, Normal, 0)]
[(Line(86), Dim, 5), (Address(228), Normal, 5), (Spacing(4), Normal, 0), (Opcode(".word", 65535), Normal, 10), (Basic("#"), Normal, 0), (Argument(Unsigned(9103)), Normal, 0), (Eol, Normal, 0)]
[(Line(86), Dim, 5), (Address(232), Normal, 5), (Spacing(4), Normal, 0), (Opcode(".word", 65535), Normal, 10), (Basic("#"), Normal, 0), (Argument(Unsigned(1930)), Normal, 0), (Eol, Normal, 0)]
[(Line(86), Dim, 5), (Address(236), Normal, 5), (Spacing(4), Normal, 0), (Opcode(".word", 65535), Normal, 10), (Basic("#"), Normal, 0), (Argument(Unsigned(4294901760)), Normal, 0), (Eol, Normal, 0)]
[(Line(86), Dim, 5), (Address(240), Normal, 5), (Spacing(4), Normal, 0), (Opcode(".word", 65535), Normal, 10), (Basic("#"), Normal, 0), (Argument(Unsigned(9129)), Normal, 0), (Eol, Normal, 0)]
