---
source: objdiff-core/tests/arch_mips.rs
expression: output
---
[(Address(0), Normal, 5), (Spacing(4), Normal, 0), (Opcode("addiu", 12), Normal, 10), (Argument(Opaque("$sp")), Normal, 0), (Basic(", "), Normal, 0), (Argument(Opaque("$sp")), Normal, 0), (Basic(", "), Normal, 0), (Argument(Signed(-32)), Normal, 0), (Eol, Normal, 0)]
[(Address(4), Normal, 5), (Spacing(4), Normal, 0), (Opcode("sd", 44), Normal, 10), (Argument(Opaque("$s0")), Normal, 0), (Basic(", "), Normal, 0), (Argument(Signed(0)), Normal, 0), (Basic("("), Normal, 0), (Argument(Opaque("$sp")), Normal, 0), (Basic(")"), Normal, 0), (Eol, Normal, 0)]
[(Address(8), Normal, 5), (Spacing(4), Normal, 0), (Opcode("sd", 44), Normal, 10), (Argument(Opaque("$s1")), Normal, 0), (Basic(", "), Normal, 0), (Argument(Signed(8)), Normal, 0), (Basic("("), Normal, 0), (Argument(Opaque("$sp")), Normal, 0), (Basic(")"), Normal, 0), (Eol, Normal, 0)]
[(Address(12), Normal, 5), (Spacing(4), Normal, 0), (Opcode("sd", 44), Normal, 10), (Argument(Opaque("$s2")), Normal, 0), (Basic(", "), Normal, 0), (Argument(Signed(16)), Normal, 0), (Basic("("), Normal, 0), (Argument(Opaque("$sp")), Normal, 0), (Basic(")"), Normal, 0), (Eol, Normal, 0)]
[(Address(16), Normal, 5), (Spacing(4), Normal, 0), (Opcode("sd", 44), Normal, 10), (Argument(Opaque("$ra")), Normal, 0), (Basic(", "), Normal, 0), (Argument(Signed(24)), Normal, 0), (Basic("("), Normal, 0), (Argument(Opaque("$sp")), Normal, 0), (Basic(")"), Normal, 0), (Eol, Normal, 0)]
[(Address(20), Normal, 5), (Spacing(4), Normal, 0), (Opcode("jal", 2), Normal, 10), (Symbol(Symbol { name: "xglSleep", demangled_name: None, address: 0, size: 0, kind: Unknown, section: None, flags: FlagSet(Global), align: None, virtual_address: None }), Bright, 0), (Eol, Normal, 0)]
[(Address(24), Normal, 5), (Spacing(4), Normal, 0), (Opcode("nop", 113), Normal, 10), (Eol, Normal, 0)]
[(Address(28), Normal, 5), (Spacing(4), Normal, 0), (Opcode("lw", 26), Normal, 10), (Argument(Opaque("$a1")), Normal, 0), (Basic(", "), Normal, 0), (Basic("%gp_rel("), Normal, 0), (Symbol(Symbol { name: "WorkEnd", demangled_name: None, address: 64, size: 4, kind: Object, section: Some(8), flags: FlagSet(Global), align: None, virtual_address: None }), Bright, 0), (Basic(")"), Normal, 0), (Basic("("), Normal, 0), (Argument(Opaque("$gp")), Normal, 0), (Basic(")"), Normal, 0), (Eol, Normal, 0)]
[(Address(32), Normal, 5), (Spacing(4), Normal, 0), (Opcode("lui", 20), Normal, 10), (Argument(Opaque("$a0")), Normal, 0), (Basic(", "), Normal, 0), (Basic("%hi("), Normal, 0), (Symbol(Symbol { name: "[.sdata]", demangled_name: None, address: 0, size: 76, kind: Section, section: Some(8), flags: FlagSet(Local), align: None, virtual_address: None }), Bright, 0), (Basic(")"), Normal, 0), (Eol, Normal, 0)]
[(Address(36), Normal, 5), (Spacing(4), Normal, 0), (Opcode("daddu", 97), Normal, 10), (Argument(Opaque("$a2")), Normal, 0), (Basic(", "), Normal, 0), (Argument(Opaque("$zero")), Normal, 0), (Basic(", "), Normal, 0), (Argument(Opaque("$zero")), Normal, 0), (Eol, Normal, 0)]
[(Address(40), Normal, 5), (Spacing(4), Normal, 0), (Opcode("jal", 2), Normal, 10), (Symbol(Symbol { name: "xglSoundLoadEffect", demangled_name: None, address: 0, size: 0, kind: Unknown, section: None, flags: FlagSet(Global), align: None, virtual_address: None }), Bright, 0), (Eol, Normal, 0)]
[(Address(44), Normal, 5), (Spacing(4), Normal, 0), (Opcode("addiu", 12), Normal, 10), (Argument(Opaque("$a0")), Normal, 0), (Basic(", "), Normal, 0), (Argument(Opaque("$a0")), Normal, 0), (Basic(", "), Normal, 0), (Basic("%lo("), Normal, 0), (Symbol(Symbol { name: "[.sdata]", demangled_name: None, address: 0, size: 76, kind: Section, section: Some(8), flags: FlagSet(Local), align: None, virtual_address: None }), Bright, 0), (Basic(")"), Normal, 0), (Eol, Normal, 0)]
[(Address(48), Normal, 5), (Spacing(4), Normal, 0), (Opcode("lui", 20), Normal, 10), (Argument(Opaque("$a0")), Normal, 0), (Basic(", "), Normal, 0), (Basic("%hi("), Normal, 0), (Symbol(Symbol { name: "PacketBottomNewVu1DropMicroCode", demangled_name: None, address: 0, size: 12, kind: Object, section: Some(7), flags: FlagSet(Global), align: None, virtual_address: None }), Bright, 0), (Basic(")"), Normal, 0), (Eol, Normal, 0)]
[(Address(52), Normal, 5), (Spacing(4), Normal, 0), (Opcode("lw", 26), Normal, 10), (Argument(Opaque("$a1")), Normal, 0), (Basic(", "), Normal, 0), (Basic("%gp_rel("), Normal, 0), (Symbol(Symbol { name: "WorkEnd", demangled_name: None, address: 64, size: 4, kind: Object, section: Some(8), flags: FlagSet(Global), align: None, virtual_address: None }), Bright, 0), (Basic(")"), Normal, 0), (Basic("("), Normal, 0), (Argument(Opaque("$gp")), Normal, 0), (Basic(")"), Normal, 0), (Eol, Normal, 0)]
[(Address(56), Normal, 5), (Spacing(4), Normal, 0), (Opcode("jal", 2), Normal, 10), (Symbol(Symbol { name: "xglSoundLoadSwd", demangled_name: None, address: 0, size: 0, kind: Unknown, section: None, flags: FlagSet(Global), align: None, virtual_address: None }), Bright, 0), (Eol, Normal, 0)]
[(Address(60), Normal, 5), (Spacing(4), Normal, 0), (Opcode("addiu", 12), Normal, 10), (Argument(Opaque("$a0")), Normal, 0), (Basic(", "), Normal, 0), (Argument(Opaque("$a0")), Normal, 0), (Basic(", "), Normal, 0), (Basic("%lo("), Normal, 0), (Symbol(Symbol { name: "PacketBottomNewVu1DropMicroCode", demangled_name: None, address: 0, size: 12, kind: Object, section: Some(7), flags: FlagSet(Global), align: None, virtual_address: None }), Bright, 0), (Basic(")"), Normal, 0), (Eol, Normal, 0)]
[(Address(64), Normal, 5), (Spacing(4), Normal, 0), (Opcode("lw", 26), Normal, 10), (Argument(Opaque("$a0")), Normal, 0), (Basic(", "), Normal, 0), (Basic("%gp_rel("), Normal, 0), (Symbol(Symbol { name: "WorkEnd", demangled_name: None, address: 64, size: 4, kind: Object, section: Some(8), flags: FlagSet(Global), align: None, virtual_address: None }), Bright, 0), (Basic(")"), Normal, 0), (Basic("("), Normal, 0), (Argument(Opaque("$gp")), Normal, 0), (Basic(")"), Normal, 0), (Eol, Normal, 0)]
[(Address(68), Normal, 5), (Spacing(4), Normal, 0), (Opcode("daddu", 97), Normal, 10), (Argument(Opaque("$a1")), Normal, 0), (Basic(", "), Normal, 0), (Argument(Opaque("$zero")), Normal, 0), (Basic(", "), Normal, 0), (Argument(Opaque("$zero")), Normal, 0), (Eol, Normal, 0)]
[(Address(72), Normal, 5), (Spacing(4), Normal, 0), (Opcode("jal", 2), Normal, 10), (Symbol(Symbol { name: "SsdAddWaveData", demangled_name: None, address: 0, size: 0, kind: Unknown, section: None, flags: FlagSet(Global), align: None, virtual_address: None }), Bright, 0), (Eol, Normal, 0)]
[(Address(76), Normal, 5), (Spacing(4), Normal, 0), (Opcode("daddu", 97), Normal, 10), (Argument(Opaque("$a2")), Normal, 0), (Basic(", "), Normal, 0), (Argument(Opaque("$zero")), Normal, 0), (Basic(", "), Normal, 0), (Argument(Opaque("$zero")), Normal, 0), (Eol, Normal, 0)]
[(Address(80), Normal, 5), (Basic(" ~> "), Rotating(0), 0), (Opcode("jal", 2), Normal, 10), (Symbol(Symbol { name: "SsdSpuDmaCompleted", demangled_name: None, address: 0, size: 0, kind: Unknown, section: None, flags: FlagSet(Global), align: None, virtual_address: None }), Bright, 0), (Eol, Normal, 0)]
[(Address(84), Normal, 5), (Spacing(4), Normal, 0), (Opcode("daddu", 97), Normal, 10), (Argument(Opaque("$a0")), Normal, 0), (Basic(", "), Normal, 0), (Argument(Opaque("$zero")), Normal, 0), (Basic(", "), Normal, 0), (Argument(Opaque("$zero")), Normal, 0), (Eol, Normal, 0)]
[(Address(88), Normal, 5), (Spacing(4), Normal, 0), (Opcode("bnez", 56), Normal, 10), (Argument(Opaque("$v0")), Normal, 0), (Basic(", "), Normal, 0), (BranchDest(80), Normal, 0), (Basic(" ~>"), Rotating(0), 0), (Eol, Normal, 0)]
[(Address(92), Normal, 5), (Spacing(4), Normal, 0), (Opcode("nop", 113), Normal, 10), (Eol, Normal, 0)]
[(Address(96), Normal, 5), (Spacing(4), Normal, 0), (Opcode("jal", 2), Normal, 10), (Symbol(Symbol { name: "xglRenderDispOn", demangled_name: None, address: 0, size: 0, kind: Unknown, section: None, flags: FlagSet(Global), align: None, virtual_address: None }), Bright, 0), (Eol, Normal, 0)]
[(Address(100), Normal, 5), (Spacing(4), Normal, 0), (Opcode("lui", 20), Normal, 10), (Argument(Opaque("$s1")), Normal, 0), (Basic(", "), Normal, 0), (Argument(Unsigned(255)), Normal, 0), (Eol, Normal, 0)]
[(Address(104), Normal, 5), (Spacing(4), Normal, 0), (Opcode("jal", 2), Normal, 10), (Symbol(Symbol { name: "xglCdLoadOverlay", demangled_name: None, address: 0, size: 0, kind: Unknown, section: None, flags: FlagSet(Global), align: None, virtual_address: None }), Bright, 0), (Eol, Normal, 0)]
[(Address(108), Normal, 5), (Spacing(4), Normal, 0), (Opcode("addiu", 12), Normal, 10), (Argument(Opaque("$a0")), Normal, 0), (Basic(", "), Normal, 0), (Argument(Opaque("$zero")), Normal, 0), (Basic(", "), Normal, 0), (Argument(Signed(2)), Normal, 0), (Eol, Normal, 0)]
[(Address(112), Normal, 5), (Spacing(4), Normal, 0), (Opcode("jal", 2), Normal, 10), (Symbol(Symbol { name: "LogoFirst", demangled_name: None, address: 0, size: 0, kind: Unknown, section: None, flags: FlagSet(Global), align: None, virtual_address: None }), Bright, 0), (Eol, Normal, 0)]
[(Address(116), Normal, 5), (Spacing(4), Normal, 0), (Opcode("ori", 16), Normal, 10), (Argument(Opaque("$s1")), Normal, 0), (Basic(", "), Normal, 0), (Argument(Opaque("$s1")), Normal, 0), (Basic(", "), Normal, 0), (Argument(Unsigned(65535)), Normal, 0), (Eol, Normal, 0)]
[(Address(120), Normal, 5), (Spacing(4), Normal, 0), (Opcode("lui", 20), Normal, 10), (Argument(Opaque("$v0")), Normal, 0), (Basic(", "), Normal, 0), (Basic("%hi("), Normal, 0), (Symbol(Symbol { name: "Title", demangled_name: None, address: 0, size: 0, kind: Unknown, section: None, flags: FlagSet(Global), align: None, virtual_address: None }), Bright, 0), (Basic(")"), Normal, 0), (Eol, Normal, 0)]
[(Address(124), Normal, 5), (Spacing(4), Normal, 0), (Opcode("addiu", 12), Normal, 10), (Argument(Opaque("$s2")), Normal, 0), (Basic(", "), Normal, 0), (Argument(Opaque("$v0")), Normal, 0), (Basic(", "), Normal, 0), (Basic("%lo("), Normal, 0), (Symbol(Symbol { name: "Title", demangled_name: None, address: 0, size: 0, kind: Unknown, section: None, flags: FlagSet(Global), align: None, virtual_address: None }), Bright, 0), (Basic(")"), Normal, 0), (Eol, Normal, 0)]
[(Address(128), Normal, 5), (Basic(" ~> "), Rotating(1), 0), (Opcode("jal", 2), Normal, 10), (Symbol(Symbol { name: "xglCdLoadOverlay", demangled_name: None, address: 0, size: 0, kind: Unknown, section: None, flags: FlagSet(Global), align: None, virtual_address: None }), Bright, 0), (Eol, Normal, 0)]
[(Address(132), Normal, 5), (Spacing(4), Normal, 0), (Opcode("addiu", 12), Normal, 10), (Argument(Opaque("$a0")), Normal, 0), (Basic(", "), Normal, 0), (Argument(Opaque("$zero")), Normal, 0), (Basic(", "), Normal, 0), (Argument(Signed(2)), Normal, 0), (Eol, Normal, 0)]
[(Address(136), Normal, 5), (Spacing(4), Normal, 0), (Opcode("jal", 2), Normal, 10), (Symbol(Symbol { name: "Title", demangled_name: None, address: 0, size: 0, kind: Unknown, section: None, flags: FlagSet(Global), align: None, virtual_address: None }), Bright, 0), (Eol, Normal, 0)]
[(Address(140), Normal, 5), (Spacing(4), Normal, 0), (Opcode("nop", 113), Normal, 10), (Eol, Normal, 0)]
[(Address(144), Normal, 5), (Spacing(4), Normal, 0), (Opcode("beqz", 55), Normal, 10), (Argument(Opaque("$v0")), Normal, 0), (Basic(", "), Normal, 0), (BranchDest(128), Normal, 0), (Basic(" ~>"), Rotating(1), 0), (Eol, Normal, 0)]
[(Address(148), Normal, 5), (Spacing(4), Normal, 0), (Opcode("and", 90), Normal, 10), (Argument(Opaque("$s0")), Normal, 0), (Basic(", "), Normal, 0), (Argument(Opaque("$v0")), Normal, 0), (Basic(", "), Normal, 0), (Argument(Opaque("$s1")), Normal, 0), (Eol, Normal, 0)]
[(Address(152), Normal, 5), (Spacing(4), Normal, 0), (Opcode("beq", 3), Normal, 10), (Argument(Opaque("$s0")), Normal, 0), (Basic(", "), Normal, 0), (Argument(Opaque("$s2")), Normal, 0), (Basic(", "), Normal, 0), (BranchDest(128), Normal, 0), (Basic(" ~>"), Rotating(1), 0), (Eol, Normal, 0)]
[(Address(156), Normal, 5), (Spacing(4), Normal, 0), (Opcode("nop", 113), Normal, 10), (Eol, Normal, 0)]
[(Address(160), Normal, 5), (Spacing(4), Normal, 0), (Opcode("jal", 2), Normal, 10), (Symbol(Symbol { name: "xglCdLoadOverlay", demangled_name: None, address: 0, size: 0, kind: Unknown, section: None, flags: FlagSet(Global), align: None, virtual_address: None }), Bright, 0), (Eol, Normal, 0)]
[(Address(164), Normal, 5), (Spacing(4), Normal, 0), (Opcode("srl", 60), Normal, 10), (Argument(Opaque("$a0")), Normal, 0), (Basic(", "), Normal, 0), (Argument(Opaque("$v0")), Normal, 0), (Basic(", "), Normal, 0), (Argument(Opaque("24")), Normal, 0), (Eol, Normal, 0)]
[(Address(168), Normal, 5), (Spacing(4), Normal, 0), (Opcode("jalr", 77), Normal, 10), (Argument(Opaque("$s0")), Normal, 0), (Eol, Normal, 0)]
[(Address(172), Normal, 5), (Spacing(4), Normal, 0), (Opcode("nop", 113), Normal, 10), (Eol, Normal, 0)]
[(Address(176), Normal, 5), (Spacing(4), Normal, 0), (Opcode("b", 54), Normal, 10), (BranchDest(128), Normal, 0), (Basic(" ~>"), Rotating(1), 0), (Eol, Normal, 0)]
[(Address(180), Normal, 5), (Spacing(4), Normal, 0), (Opcode("nop", 113), Normal, 10), (Eol, Normal, 0)]
