---
source: objdiff-core/tests/arch_arm.rs
assertion_line: 16
expression: output
---
[(Address(0), Normal, 5), (Spacing(4), Normal, 0), (Opcode("stmdb", 32895), Normal, 10), (Argument(Opaque("sp")), Normal, 0), (Argument(Opaque("!")), Normal, 0), (Basic(", "), Normal, 0), (Basic("{"), Normal, 0), (Argument(Opaque("r4")), Normal, 0), (Basic(", "), Normal, 0), (Argument(Opaque("r5")), Normal, 0), (Basic(", "), Normal, 0), (Argument(Opaque("r6")), Normal, 0), (Basic(", "), Normal, 0), (Argument(Opaque("lr")), Normal, 0), (Basic("}"), Normal, 0), (Eol, Normal, 0)]
[(Address(4), Normal, 5), (Spacing(4), Normal, 0), (Opcode("mov", 32818), Normal, 10), (Argument(Opaque("r5")), Normal, 0), (Basic(", "), Normal, 0), (Argument(Opaque("r0")), Normal, 0), (Eol, Normal, 0)]
[(Address(8), Normal, 5), (Spacing(4), Normal, 0), (Opcode("mov", 32818), Normal, 10), (Argument(Opaque("r4")), Normal, 0), (Basic(", "), Normal, 0), (Argument(Opaque("r1")), Normal, 0), (Eol, Normal, 0)]
[(Address(12), Normal, 5), (Spacing(4), Normal, 0), (Opcode("bl", 32774), Normal, 10), (Symbol(Symbol { name: "_ZN13LinkStateBase12OnStateLeaveEi", demangled_name: Some("LinkStateBase::OnStateLeave(int)"), address: 0, size: 0, kind: Unknown, section: None, flags: FlagSet(Global | Weak), align: None, virtual_address: None }), Bright, 0), (Addend(-8), Bright, 0), (Eol, Normal, 0)]
[(Address(16), Normal, 5), (Spacing(4), Normal, 0), (Opcode("ldr", 32799), Normal, 10), (Argument(Opaque("r0")), Normal, 0), (Basic(", "), Normal, 0), (Basic("["), Normal, 0), (Argument(Opaque("r5")), Normal, 0), (Basic(", "), Normal, 0), (Basic("#"), Normal, 0), (Argument(Signed(20)), Normal, 0), (Basic("]"), Normal, 0), (Eol, Normal, 0)]
[(Address(20), Normal, 5), (Spacing(4), Normal, 0), (Opcode("cmp", 32786), Normal, 10), (Argument(Opaque("r0")), Normal, 0), (Basic(", "), Normal, 0), (Basic("#"), Normal, 0), (Argument(Unsigned(10)), Normal, 0), (Eol, Normal, 0)]
[(Address(24), Normal, 5), (Spacing(4), Normal, 0), (Opcode("addls", 32770), Normal, 10), (Argument(Opaque("pc")), Normal, 0), (Basic(", "), Normal, 0), (Argument(Opaque("pc")), Normal, 0), (Basic(", "), Normal, 0), (Argument(Opaque("r0")), Normal, 0), (Basic(", "), Normal, 0), (Argument(Opaque("lsl")), Normal, 0), (Basic(" #"), Normal, 0), (Argument(Unsigned(2)), Normal, 0), (Eol, Normal, 0)]
[(Address(28), Normal, 5), (Spacing(4), Normal, 0), (Opcode("b", 32773), Normal, 10), (BranchDest(200), Normal, 0), (Basic(" ~>"), Rotating(0), 0), (Eol, Normal, 0)]
[(Address(32), Normal, 5), (Spacing(4), Normal, 0), (Opcode("b", 32773), Normal, 10), (BranchDest(200), Normal, 0), (Basic(" ~>"), Rotating(0), 0), (Eol, Normal, 0)]
[(Address(36), Normal, 5), (Spacing(4), Normal, 0), (Opcode("b", 32773), Normal, 10), (BranchDest(200), Normal, 0), (Basic(" ~>"), Rotating(0), 0), (Eol, Normal, 0)]
[(Address(40), Normal, 5), (Spacing(4), Normal, 0), (Opcode("b", 32773), Normal, 10), (BranchDest(200), Normal, 0), (Basic(" ~>"), Rotating(0), 0), (Eol, Normal, 0)]
[(Address(44), Normal, 5), (Spacing(4), Normal, 0), (Opcode("b", 32773), Normal, 10), (BranchDest(192), Normal, 0), (Basic(" ~>"), Rotating(1), 0), (Eol, Normal, 0)]
[(Address(48), Normal, 5), (Spacing(4), Normal, 0), (Opcode("b", 32773), Normal, 10), (BranchDest(124), Normal, 0), (Basic(" ~>"), Rotating(2), 0), (Eol, Normal, 0)]
[(Address(52), Normal, 5), (Spacing(4), Normal, 0), (Opcode("b", 32773), Normal, 10), (BranchDest(200), Normal, 0), (Basic(" ~>"), Rotating(0), 0), (Eol, Normal, 0)]
[(Address(56), Normal, 5), (Spacing(4), Normal, 0), (Opcode("b", 32773), Normal, 10), (BranchDest(140), Normal, 0), (Basic(" ~>"), Rotating(3), 0), (Eol, Normal, 0)]
[(Address(60), Normal, 5), (Spacing(4), Normal, 0), (Opcode("b", 32773), Normal, 10), (BranchDest(76), Normal, 0), (Basic(" ~>"), Rotating(4), 0), (Eol, Normal, 0)]
[(Address(64), Normal, 5), (Spacing(4), Normal, 0), (Opcode("b", 32773), Normal, 10), (BranchDest(152), Normal, 0), (Basic(" ~>"), Rotating(5), 0), (Eol, Normal, 0)]
[(Address(68), Normal, 5), (Spacing(4), Normal, 0), (Opcode("b", 32773), Normal, 10), (BranchDest(164), Normal, 0), (Basic(" ~>"), Rotating(6), 0), (Eol, Normal, 0)]
[(Address(72), Normal, 5), (Spacing(4), Normal, 0), (Opcode("b", 32773), Normal, 10), (BranchDest(164), Normal, 0), (Basic(" ~>"), Rotating(6), 0), (Eol, Normal, 0)]
[(Address(76), Normal, 5), (Basic(" ~> "), Rotating(4), 0), (Opcode("ldr", 32799), Normal, 10), (Argument(Opaque("r0")), Normal, 0), (Basic(", "), Normal, 0), (Basic("["), Normal, 0), (Argument(Opaque("pc")), Normal, 0), (Basic(", "), Normal, 0), (Basic("#"), Normal, 0), (Argument(Signed(336)), Normal, 0), (Basic("]"), Normal, 0), (Basic(" (->"), Normal, 0), (BranchDest(420), Normal, 0), (Basic(")"), Normal, 0), (Eol, Normal, 0)]
[(Address(80), Normal, 5), (Spacing(4), Normal, 0), (Opcode("ldr", 32799), Normal, 10), (Argument(Opaque("r0")), Normal, 0), (Basic(", "), Normal, 0), (Basic("["), Normal, 0), (Argument(Opaque("r0")), Normal, 0), (Basic(", "), Normal, 0), (Basic("#"), Normal, 0), (Argument(Signed(0)), Normal, 0), (Basic("]"), Normal, 0), (Eol, Normal, 0)]
[(Address(84), Normal, 5), (Spacing(4), Normal, 0), (Opcode("bl", 32774), Normal, 10), (Symbol(Symbol { name: "_ZN18UnkStruct_027e103c19func_ov000_020cf01cEv", demangled_name: Some("UnkStruct_027e103c::func_ov000_020cf01c()"), address: 0, size: 0, kind: Unknown, section: None, flags: FlagSet(Global | Weak), align: None, virtual_address: None }), Bright, 0), (Addend(-8), Bright, 0), (Eol, Normal, 0)]
[(Address(88), Normal, 5), (Spacing(4), Normal, 0), (Opcode("ldrb", 32800), Normal, 10), (Argument(Opaque("r0")), Normal, 0), (Basic(", "), Normal, 0), (Basic("["), Normal, 0), (Argument(Opaque("r0")), Normal, 0), (Basic(", "), Normal, 0), (Basic("#"), Normal, 0), (Argument(Signed(224)), Normal, 0), (Basic("]"), Normal, 0), (Eol, Normal, 0)]
[(Address(92), Normal, 5), (Spacing(4), Normal, 0), (Opcode("cmp", 32786), Normal, 10), (Argument(Opaque("r0")), Normal, 0), (Basic(", "), Normal, 0), (Basic("#"), Normal, 0), (Argument(Unsigned(0)), Normal, 0), (Eol, Normal, 0)]
[(Address(96), Normal, 5), (Spacing(4), Normal, 0), (Opcode("bne", 32773), Normal, 10), (BranchDest(108), Normal, 0), (Basic(" ~>"), Rotating(7), 0), (Eol, Normal, 0)]
[(Address(100), Normal, 5), (Spacing(4), Normal, 0), (Opcode("bl", 32774), Normal, 10), (Symbol(Symbol { name: "_ZN13LinkStateItem15GetEquipBombchuEv", demangled_name: Some("LinkStateItem::GetEquipBombchu()"), address: 472, size: 16, kind: Function, section: Some(0), flags: FlagSet(Global), align: None, virtual_address: None }), Bright, 0), (Addend(-8), Bright, 0), (Basic(" ~>"), Rotating(8), 0), (Eol, Normal, 0)]
[(Address(104), Normal, 5), (Spacing(4), Normal, 0), (Opcode("bl", 32774), Normal, 10), (Symbol(Symbol { name: "_ZN12EquipBombchu19func_ov014_0213ec64Ev", demangled_name: Some("EquipBombchu::func_ov014_0213ec64()"), address: 0, size: 0, kind: Unknown, section: None, flags: FlagSet(Global | Weak), align: None, virtual_address: None }), Bright, 0), (Addend(-8), Bright, 0), (Eol, Normal, 0)]
[(Address(108), Normal, 5), (Basic(" ~> "), Rotating(7), 0), (Opcode("ldr", 32799), Normal, 10), (Argument(Opaque("r0")), Normal, 0), (Basic(", "), Normal, 0), (Basic("["), Normal, 0), (Argument(Opaque("pc")), Normal, 0), (Basic(", "), Normal, 0), (Basic("#"), Normal, 0), (Argument(Signed(308)), Normal, 0), (Basic("]"), Normal, 0), (Basic(" (->"), Normal, 0), (BranchDest(424), Normal, 0), (Basic(")"), Normal, 0), (Eol, Normal, 0)]
[(Address(112), Normal, 5), (Spacing(4), Normal, 0), (Opcode("ldr", 32799), Normal, 10), (Argument(Opaque("r0")), Normal, 0), (Basic(", "), Normal, 0), (Basic("["), Normal, 0), (Argument(Opaque("r0")), Normal, 0), (Basic(", "), Normal, 0), (Basic("#"), Normal, 0), (Argument(Signed(0)), Normal, 0), (Basic("]"), Normal, 0), (Eol, Normal, 0)]
[(Address(116), Normal, 5), (Spacing(4), Normal, 0), (Opcode("blx", 32777), Normal, 10), (Symbol(Symbol { name: "_Z19func_ov014_0211fd04Pi", demangled_name: Some("func_ov014_0211fd04(int*)"), address: 0, size: 0, kind: Unknown, section: None, flags: FlagSet(Global | Weak), align: None, virtual_address: None }), Bright, 0), (Addend(-8), Bright, 0), (Eol, Normal, 0)]
[(Address(120), Normal, 5), (Spacing(4), Normal, 0), (Opcode("b", 32773), Normal, 10), (BranchDest(200), Normal, 0), (Basic(" ~>"), Rotating(0), 0), (Eol, Normal, 0)]
[(Address(124), Normal, 5), (Basic(" ~> "), Rotating(2), 0), (Opcode("mov", 32818), Normal, 10), (Argument(Opaque("r0")), Normal, 0), (Basic(", "), Normal, 0), (Argument(Opaque("r5")), Normal, 0), (Eol, Normal, 0)]
[(Address(128), Normal, 5), (Spacing(4), Normal, 0), (Opcode("mov", 32818), Normal, 10), (Argument(Opaque("r1")), Normal, 0), (Basic(", "), Normal, 0), (Argument(Opaque("r4")), Normal, 0), (Eol, Normal, 0)]
[(Address(132), Normal, 5), (Spacing(4), Normal, 0), (Opcode("bl", 32774), Normal, 10), (Symbol(Symbol { name: "_ZN13LinkStateItem13StopUsingBombEi", demangled_name: Some("LinkStateItem::StopUsingBomb(int)"), address: 0, size: 0, kind: Unknown, section: None, flags: FlagSet(Global | Weak), align: None, virtual_address: None }), Bright, 0), (Addend(-8), Bright, 0), (Eol, Normal, 0)]
[(Address(136), Normal, 5), (Spacing(4), Normal, 0), (Opcode("b", 32773), Normal, 10), (BranchDest(200), Normal, 0), (Basic(" ~>"), Rotating(0), 0), (Eol, Normal, 0)]
[(Address(140), Normal, 5), (Basic(" ~> "), Rotating(3), 0), (Opcode("mov", 32818), Normal, 10), (Argument(Opaque("r0")), Normal, 0), (Basic(", "), Normal, 0), (Argument(Opaque("r5")), Normal, 0), (Eol, Normal, 0)]
[(Address(144), Normal, 5), (Spacing(4), Normal, 0), (Opcode("bl", 32774), Normal, 10), (Symbol(Symbol { name: "_ZN13LinkStateItem13StopUsingRopeEv", demangled_name: Some("LinkStateItem::StopUsingRope()"), address: 0, size: 0, kind: Unknown, section: None, flags: FlagSet(Global | Weak), align: None, virtual_address: None }), Bright, 0), (Addend(-8), Bright, 0), (Eol, Normal, 0)]
[(Address(148), Normal, 5), (Spacing(4), Normal, 0), (Opcode("b", 32773), Normal, 10), (BranchDest(200), Normal, 0), (Basic(" ~>"), Rotating(0), 0), (Eol, Normal, 0)]
[(Address(152), Normal, 5), (Basic(" ~> "), Rotating(5), 0), (Opcode("mov", 32818), Normal, 10), (Argument(Opaque("r0")), Normal, 0), (Basic(", "), Normal, 0), (Argument(Opaque("r5")), Normal, 0), (Eol, Normal, 0)]
[(Address(156), Normal, 5), (Spacing(4), Normal, 0), (Opcode("bl", 32774), Normal, 10), (Symbol(Symbol { name: "_ZN13LinkStateItem15StopUsingHammerEv", demangled_name: Some("LinkStateItem::StopUsingHammer()"), address: 0, size: 0, kind: Unknown, section: None, flags: FlagSet(Global | Weak), align: None, virtual_address: None }), Bright, 0), (Addend(-8), Bright, 0), (Eol, Normal, 0)]
[(Address(160), Normal, 5), (Spacing(4), Normal, 0), (Opcode("b", 32773), Normal, 10), (BranchDest(200), Normal, 0), (Basic(" ~>"), Rotating(0), 0), (Eol, Normal, 0)]
[(Address(164), Normal, 5), (Basic(" ~> "), Rotating(6), 0), (Opcode("ldr", 32799), Normal, 10), (Argument(Opaque("r0")), Normal, 0), (Basic(", "), Normal, 0), (Basic("["), Normal, 0), (Argument(Opaque("pc")), Normal, 0), (Basic(", "), Normal, 0), (Basic("#"), Normal, 0), (Argument(Signed(248)), Normal, 0), (Basic("]"), Normal, 0), (Basic(" (->"), Normal, 0), (BranchDest(420), Normal, 0), (Basic(")"), Normal, 0), (Eol, Normal, 0)]
[(Address(168), Normal, 5), (Spacing(4), Normal, 0), (Opcode("mov", 32818), Normal, 10), (Argument(Opaque("r1")), Normal, 0), (Basic(", "), Normal, 0), (Basic("#"), Normal, 0), (Argument(Unsigned(0)), Normal, 0), (Eol, Normal, 0)]
[(Address(172), Normal, 5), (Spacing(4), Normal, 0), (Opcode("ldr", 32799), Normal, 10), (Argument(Opaque("r0")), Normal, 0), (Basic(", "), Normal, 0), (Basic("["), Normal, 0), (Argument(Opaque("r0")), Normal, 0), (Basic(", "), Normal, 0), (Basic("#"), Normal, 0), (Argument(Signed(0)), Normal, 0), (Basic("]"), Normal, 0), (Eol, Normal, 0)]
[(Address(176), Normal, 5), (Spacing(4), Normal, 0), (Opcode("mov", 32818), Normal, 10), (Argument(Opaque("r2")), Normal, 0), (Basic(", "), Normal, 0), (Argument(Opaque("r1")), Normal, 0), (Eol, Normal, 0)]
[(Address(180), Normal, 5), (Spacing(4), Normal, 0), (Opcode("strb", 32899), Normal, 10), (Argument(Opaque("r1")), Normal, 0), (Basic(", "), Normal, 0), (Basic("["), Normal, 0), (Argument(Opaque("r0")), Normal, 0), (Basic(", "), Normal, 0), (Basic("#"), Normal, 0), (Argument(Signed(42)), Normal, 0), (Basic("]"), Normal, 0), (Eol, Normal, 0)]
[(Address(184), Normal, 5), (Spacing(4), Normal, 0), (Opcode("bl", 32774), Normal, 10), (Symbol(Symbol { name: "_ZN18UnkStruct_027e103c19func_ov000_020cf9dcEii", demangled_name: Some("UnkStruct_027e103c::func_ov000_020cf9dc(int, int)"), address: 0, size: 0, kind: Unknown, section: None, flags: FlagSet(Global | Weak), align: None, virtual_address: None }), Bright, 0), (Addend(-8), Bright, 0), (Eol, Normal, 0)]
[(Address(188), Normal, 5), (Spacing(4), Normal, 0), (Opcode("b", 32773), Normal, 10), (BranchDest(200), Normal, 0), (Basic(" ~>"), Rotating(0), 0), (Eol, Normal, 0)]
[(Address(192), Normal, 5), (Basic(" ~> "), Rotating(1), 0), (Opcode("mov", 32818), Normal, 10), (Argument(Opaque("r0")), Normal, 0), (Basic(", "), Normal, 0), (Argument(Opaque("r5")), Normal, 0), (Eol, Normal, 0)]
[(Address(196), Normal, 5), (Spacing(4), Normal, 0), (Opcode("bl", 32774), Normal, 10), (Symbol(Symbol { name: "_ZN13LinkStateItem14StopUsingScoopEv", demangled_name: Some("LinkStateItem::StopUsingScoop()"), address: 0, size: 0, kind: Unknown, section: None, flags: FlagSet(Global | Weak), align: None, virtual_address: None }), Bright, 0), (Addend(-8), Bright, 0), (Eol, Normal, 0)]
[(Address(200), Normal, 5), (Basic(" ~> "), Rotating(0), 0), (Opcode("ldr", 32799), Normal, 10), (Argument(Opaque("r1")), Normal, 0), (Basic(", "), Normal, 0), (Basic("["), Normal, 0), (Argument(Opaque("r5")), Normal, 0), (Basic(", "), Normal, 0), (Basic("#"), Normal, 0), (Argument(Signed(20)), Normal, 0), (Basic("]"), Normal, 0), (Eol, Normal, 0)]
[(Address(204), Normal, 5), (Spacing(4), Normal, 0), (Opcode("mvn", 32829), Normal, 10), (Argument(Opaque("r0")), Normal, 0), (Basic(", "), Normal, 0), (Basic("#"), Normal, 0), (Argument(Unsigned(0)), Normal, 0), (Eol, Normal, 0)]
[(Address(208), Normal, 5), (Spacing(4), Normal, 0), (Opcode("cmp", 32786), Normal, 10), (Argument(Opaque("r1")), Normal, 0), (Basic(", "), Normal, 0), (Argument(Opaque("r0")), Normal, 0), (Eol, Normal, 0)]
[(Address(212), Normal, 5), (Spacing(4), Normal, 0), (Opcode("beq", 32773), Normal, 10), (BranchDest(236), Normal, 0), (Basic(" ~>"), Rotating(9), 0), (Eol, Normal, 0)]
[(Address(216), Normal, 5), (Spacing(4), Normal, 0), (Opcode("mov", 32818), Normal, 10), (Argument(Opaque("r0")), Normal, 0), (Basic(", "), Normal, 0), (Argument(Opaque("r5")), Normal, 0), (Eol, Normal, 0)]
[(Address(220), Normal, 5), (Spacing(4), Normal, 0), (Opcode("bl", 32774), Normal, 10), (Symbol(Symbol { name: "_ZN13LinkStateBase12GetEquipItemEi", demangled_name: Some("LinkStateBase::GetEquipItem(int)"), address: 0, size: 0, kind: Unknown, section: None, flags: FlagSet(Global | Weak), align: None, virtual_address: None }), Bright, 0), (Addend(-8), Bright, 0), (Eol, Normal, 0)]
[(Address(224), Normal, 5), (Spacing(4), Normal, 0), (Opcode("ldr", 32799), Normal, 10), (Argument(Opaque("r1")), Normal, 0), (Basic(", "), Normal, 0), (Basic("["), Normal, 0), (Argument(Opaque("r0")), Normal, 0), (Basic(", "), Normal, 0), (Basic("#"), Normal, 0), (Argument(Signed(0)), Normal, 0), (Basic("]"), Normal, 0), (Eol, Normal, 0)]
[(Address(228), Normal, 5), (Spacing(4), Normal, 0), (Opcode("ldr", 32799), Normal, 10), (Argument(Opaque("r1")), Normal, 0), (Basic(", "), Normal, 0), (Basic("["), Normal, 0), (Argument(Opaque("r1")), Normal, 0), (Basic(", "), Normal, 0), (Basic("#"), Normal, 0), (Argument(Signed(28)), Normal, 0), (Basic("]"), Normal, 0), (Eol, Normal, 0)]
[(Address(232), Normal, 5), (Spacing(4), Normal, 0), (Opcode("blx", 32778), Normal, 10), (Argument(Opaque("r1")), Normal, 0), (Eol, Normal, 0)]
[(Address(236), Normal, 5), (Basic(" ~> "), Rotating(9), 0), (Opcode("ldr", 32799), Normal, 10), (Argument(Opaque("r1")), Normal, 0), (Basic(", "), Normal, 0), (Basic("["), Normal, 0), (Argument(Opaque("r5")), Normal, 0), (Basic(", "), Normal, 0), (Basic("#"), Normal, 0), (Argument(Signed(20)), Normal, 0), (Basic("]"), Normal, 0), (Eol, Normal, 0)]
[(Address(240), Normal, 5), (Spacing(4), Normal, 0), (Opcode("cmp", 32786), Normal, 10), (Argument(Opaque("r1")), Normal, 0), (Basic(", "), Normal, 0), (Basic("#"), Normal, 0), (Argument(Unsigned(9)), Normal, 0), (Eol, Normal, 0)]
[(Address(244), Normal, 5), (Spacing(4), Normal, 0), (Opcode("bgt", 32773), Normal, 10), (BranchDest(288), Normal, 0), (Basic(" ~>"), Rotating(10), 0), (Eol, Normal, 0)]
[(Address(248), Normal, 5), (Spacing(4), Normal, 0), (Opcode("bge", 32773), Normal, 10), (BranchDest(296), Normal, 0), (Basic(" ~>"), Rotating(11), 0), (Eol, Normal, 0)]
[(Address(252), Normal, 5), (Spacing(4), Normal, 0), (Opcode("cmp", 32786), Normal, 10), (Argument(Opaque("r1")), Normal, 0), (Basic(", "), Normal, 0), (Basic("#"), Normal, 0), (Argument(Unsigned(1)), Normal, 0), (Eol, Normal, 0)]
[(Address(256), Normal, 5), (Spacing(4), Normal, 0), (Opcode("bgt", 32773), Normal, 10), (BranchDest(308), Normal, 0), (Basic(" ~>"), Rotating(12), 0), (Eol, Normal, 0)]
[(Address(260), Normal, 5), (Spacing(4), Normal, 0), (Opcode("mvn", 32829), Normal, 10), (Argument(Opaque("r0")), Normal, 0), (Basic(", "), Normal, 0), (Basic("#"), Normal, 0), (Argument(Unsigned(0)), Normal, 0), (Eol, Normal, 0)]
[(Address(264), Normal, 5), (Spacing(4), Normal, 0), (Opcode("cmp", 32786), Normal, 10), (Argument(Opaque("r1")), Normal, 0), (Basic(", "), Normal, 0), (Argument(Opaque("r0")), Normal, 0), (Eol, Normal, 0)]
[(Address(268), Normal, 5), (Spacing(4), Normal, 0), (Opcode("blt", 32773), Normal, 10), (BranchDest(308), Normal, 0), (Basic(" ~>"), Rotating(12), 0), (Eol, Normal, 0)]
[(Address(272), Normal, 5), (Spacing(4), Normal, 0), (Opcode("cmpne", 32786), Normal, 10), (Argument(Opaque("r1")), Normal, 0), (Basic(", "), Normal, 0), (Basic("#"), Normal, 0), (Argument(Unsigned(0)), Normal, 0), (Eol, Normal, 0)]
[(Address(276), Normal, 5), (Spacing(4), Normal, 0), (Opcode("cmpne", 32786), Normal, 10), (Argument(Opaque("r1")), Normal, 0), (Basic(", "), Normal, 0), (Basic("#"), Normal, 0), (Argument(Unsigned(1)), Normal, 0), (Eol, Normal, 0)]
[(Address(280), Normal, 5), (Spacing(4), Normal, 0), (Opcode("beq", 32773), Normal, 10), (BranchDest(340), Normal, 0), (Basic(" ~>"), Rotating(13), 0), (Eol, Normal, 0)]
[(Address(284), Normal, 5), (Spacing(4), Normal, 0), (Opcode("b", 32773), Normal, 10), (BranchDest(308), Normal, 0), (Basic(" ~>"), Rotating(12), 0), (Eol, Normal, 0)]
[(Address(288), Normal, 5), (Basic(" ~> "), Rotating(10), 0), (Opcode("cmp", 32786), Normal, 10), (Argument(Opaque("r1")), Normal, 0), (Basic(", "), Normal, 0), (Basic("#"), Normal, 0), (Argument(Unsigned(10)), Normal, 0), (Eol, Normal, 0)]
[(Address(292), Normal, 5), (Spacing(4), Normal, 0), (Opcode("bne", 32773), Normal, 10), (BranchDest(308), Normal, 0), (Basic(" ~>"), Rotating(12), 0), (Eol, Normal, 0)]
[(Address(296), Normal, 5), (Basic(" ~> "), Rotating(11), 0), (Opcode("mov", 32818), Normal, 10), (Argument(Opaque("r0")), Normal, 0), (Basic(", "), Normal, 0), (Argument(Opaque("r5")), Normal, 0), (Eol, Normal, 0)]
[(Address(300), Normal, 5), (Spacing(4), Normal, 0), (Opcode("bl", 32774), Normal, 10), (Symbol(Symbol { name: "_ZN13LinkStateBase18EquipItem_vfunc_28Ev", demangled_name: Some("LinkStateBase::EquipItem_vfunc_28()"), address: 0, size: 0, kind: Unknown, section: None, flags: FlagSet(Global | Weak), align: None, virtual_address: None }), Bright, 0), (Addend(-8), Bright, 0), (Eol, Normal, 0)]
[(Address(304), Normal, 5), (Spacing(4), Normal, 0), (Opcode("b", 32773), Normal, 10), (BranchDest(340), Normal, 0), (Basic(" ~>"), Rotating(13), 0), (Eol, Normal, 0)]
[(Address(308), Normal, 5), (Basic(" ~> "), Rotating(12), 0), (Opcode("mov", 32818), Normal, 10), (Argument(Opaque("r0")), Normal, 0), (Basic(", "), Normal, 0), (Argument(Opaque("r5")), Normal, 0), (Eol, Normal, 0)]
[(Address(312), Normal, 5), (Spacing(4), Normal, 0), (Opcode("bl", 32774), Normal, 10), (Symbol(Symbol { name: "_ZN13LinkStateBase18EquipItem_vfunc_28Ev", demangled_name: Some("LinkStateBase::EquipItem_vfunc_28()"), address: 0, size: 0, kind: Unknown, section: None, flags: FlagSet(Global | Weak), align: None, virtual_address: None }), Bright, 0), (Addend(-8), Bright, 0), (Eol, Normal, 0)]
[(Address(316), Normal, 5), (Spacing(4), Normal, 0), (Opcode("cmp", 32786), Normal, 10), (Argument(Opaque("r4")), Normal, 0), (Basic(", "), Normal, 0), (Basic("#"), Normal, 0), (Argument(Unsigned(4)), Normal, 0), (Eol, Normal, 0)]
[(Address(320), Normal, 5), (Spacing(4), Normal, 0), (Opcode("cmpne", 32786), Normal, 10), (Argument(Opaque("r4")), Normal, 0), (Basic(", "), Normal, 0), (Basic("#"), Normal, 0), (Argument(Unsigned(2)), Normal, 0), (Eol, Normal, 0)]
[(Address(324), Normal, 5), (Spacing(4), Normal, 0), (Opcode("beq", 32773), Normal, 10), (BranchDest(340), Normal, 0), (Basic(" ~>"), Rotating(13), 0), (Eol, Normal, 0)]
[(Address(328), Normal, 5), (Spacing(4), Normal, 0), (Opcode("bl", 32774), Normal, 10), (Symbol(Symbol { name: "_ZN13LinkStateItem16GetLinkStateMoveEv", demangled_name: Some("LinkStateItem::GetLinkStateMove()"), address: 488, size: 16, kind: Function, section: Some(0), flags: FlagSet(Global), align: None, virtual_address: None }), Bright, 0), (Addend(-8), Bright, 0), (Eol, Normal, 0)]
[(Address(332), Normal, 5), (Spacing(4), Normal, 0), (Opcode("mov", 32818), Normal, 10), (Argument(Opaque("r1")), Normal, 0), (Basic(", "), Normal, 0), (Basic("#"), Normal, 0), (Argument(Unsigned(1)), Normal, 0), (Eol, Normal, 0)]
[(Address(336), Normal, 5), (Spacing(4), Normal, 0), (Opcode("strb", 32899), Normal, 10), (Argument(Opaque("r1")), Normal, 0), (Basic(", "), Normal, 0), (Basic("["), Normal, 0), (Argument(Opaque("r0")), Normal, 0), (Basic(", "), Normal, 0), (Basic("#"), Normal, 0), (Argument(Signed(20)), Normal, 0), (Basic("]"), Normal, 0), (Eol, Normal, 0)]
[(Address(340), Normal, 5), (Basic(" ~> "), Rotating(13), 0), (Opcode("mvn", 32829), Normal, 10), (Argument(Opaque("r0")), Normal, 0), (Basic(", "), Normal, 0), (Basic("#"), Normal, 0), (Argument(Unsigned(0)), Normal, 0), (Eol, Normal, 0)]
[(Address(344), Normal, 5), (Spacing(4), Normal, 0), (Opcode("add", 32770), Normal, 10), (Argument(Opaque("r6")), Normal, 0), (Basic(", "), Normal, 0), (Argument(Opaque("r5")), Normal, 0), (Basic(", "), Normal, 0), (Basic("#"), Normal, 0), (Argument(Unsigned(80)), Normal, 0), (Eol, Normal, 0)]
[(Address(348), Normal, 5), (Spacing(4), Normal, 0), (Opcode("add", 32770), Normal, 10), (Argument(Opaque("r4")), Normal, 0), (Basic(", "), Normal, 0), (Argument(Opaque("r5")), Normal, 0), (Basic(", "), Normal, 0), (Basic("#"), Normal, 0), (Argument(Unsigned(88)), Normal, 0), (Eol, Normal, 0)]
[(Address(352), Normal, 5), (Spacing(4), Normal, 0), (Opcode("str", 32898), Normal, 10), (Argument(Opaque("r0")), Normal, 0), (Basic(", "), Normal, 0), (Basic("["), Normal, 0), (Argument(Opaque("r5")), Normal, 0), (Basic(", "), Normal, 0), (Basic("#"), Normal, 0), (Argument(Signed(24)), Normal, 0), (Basic("]"), Normal, 0), (Eol, Normal, 0)]
[(Address(356), Normal, 5), (Spacing(4), Normal, 0), (Opcode("cmp", 32786), Normal, 10), (Argument(Opaque("r6")), Normal, 0), (Basic(", "), Normal, 0), (Argument(Opaque("r4")), Normal, 0), (Eol, Normal, 0)]
[(Address(360), Normal, 5), (Spacing(4), Normal, 0), (Opcode("beq", 32773), Normal, 10), (BranchDest(384), Normal, 0), (Basic(" ~>"), Rotating(14), 0), (Eol, Normal, 0)]
[(Address(364), Normal, 5), (Basic(" ~> "), Rotating(15), 0), (Opcode("mov", 32818), Normal, 10), (Argument(Opaque("r0")), Normal, 0), (Basic(", "), Normal, 0), (Argument(Opaque("r6")), Normal, 0), (Eol, Normal, 0)]
[(Address(368), Normal, 5), (Spacing(4), Normal, 0), (Opcode("bl", 32774), Normal, 10), (Symbol(Symbol { name: "_Z19func_ov000_020b7e6cPi", demangled_name: Some("func_ov000_020b7e6c(int*)"), address: 0, size: 0, kind: Unknown, section: None, flags: FlagSet(Global | Weak), align: None, virtual_address: None }), Bright, 0), (Addend(-8), Bright, 0), (Eol, Normal, 0)]
[(Address(372), Normal, 5), (Spacing(4), Normal, 0), (Opcode("add", 32770), Normal, 10), (Argument(Opaque("r6")), Normal, 0), (Basic(", "), Normal, 0), (Argument(Opaque("r6")), Normal, 0), (Basic(", "), Normal, 0), (Basic("#"), Normal, 0), (Argument(Unsigned(4)), Normal, 0), (Eol, Normal, 0)]
[(Address(376), Normal, 5), (Spacing(4), Normal, 0), (Opcode("cmp", 32786), Normal, 10), (Argument(Opaque("r6")), Normal, 0), (Basic(", "), Normal, 0), (Argument(Opaque("r4")), Normal, 0), (Eol, Normal, 0)]
[(Address(380), Normal, 5), (Spacing(4), Normal, 0), (Opcode("bne", 32773), Normal, 10), (BranchDest(364), Normal, 0), (Basic(" ~>"), Rotating(15), 0), (Eol, Normal, 0)]
[(Address(384), Normal, 5), (Basic(" ~> "), Rotating(14), 0), (Opcode("ldr", 32799), Normal, 10), (Argument(Opaque("r0")), Normal, 0), (Basic(", "), Normal, 0), (Basic("["), Normal, 0), (Argument(Opaque("pc")), Normal, 0), (Basic(", "), Normal, 0), (Basic("#"), Normal, 0), (Argument(Signed(36)), Normal, 0), (Basic("]"), Normal, 0), (Basic(" (->"), Normal, 0), (BranchDest(428), Normal, 0), (Basic(")"), Normal, 0), (Eol, Normal, 0)]
[(Address(388), Normal, 5), (Spacing(4), Normal, 0), (Opcode("ldr", 32799), Normal, 10), (Argument(Opaque("r0")), Normal, 0), (Basic(", "), Normal, 0), (Basic("["), Normal, 0), (Argument(Opaque("r0")), Normal, 0), (Basic(", "), Normal, 0), (Basic("#"), Normal, 0), (Argument(Signed(0)), Normal, 0), (Basic("]"), Normal, 0), (Eol, Normal, 0)]
[(Address(392), Normal, 5), (Spacing(4), Normal, 0), (Opcode("ldrb", 32800), Normal, 10), (Argument(Opaque("r1")), Normal, 0), (Basic(", "), Normal, 0), (Basic("["), Normal, 0), (Argument(Opaque("r0")), Normal, 0), (Basic(", "), Normal, 0), (Basic("#"), Normal, 0), (Argument(Signed(128)), Normal, 0), (Basic("]"), Normal, 0), (Eol, Normal, 0)]
[(Address(396), Normal, 5), (Spacing(4), Normal, 0), (Opcode("cmp", 32786), Normal, 10), (Argument(Opaque("r1")), Normal, 0), (Basic(", "), Normal, 0), (Basic("#"), Normal, 0), (Argument(Unsigned(0)), Normal, 0), (Eol, Normal, 0)]
[(Address(400), Normal, 5), (Spacing(4), Normal, 0), (Opcode("beq", 32773), Normal, 10), (BranchDest(408), Normal, 0), (Basic(" ~>"), Rotating(16), 0), (Eol, Normal, 0)]
[(Address(404), Normal, 5), (Spacing(4), Normal, 0), (Opcode("bl", 32774), Normal, 10), (Symbol(Symbol { name: "_ZN13PlayerControl13StopFollowingEv", demangled_name: Some("PlayerControl::StopFollowing()"), address: 0, size: 0, kind: Unknown, section: None, flags: FlagSet(Global | Weak), align: None, virtual_address: None }), Bright, 0), (Addend(-8), Bright, 0), (Eol, Normal, 0)]
[(Address(408), Normal, 5), (Basic(" ~> "), Rotating(16), 0), (Opcode("mov", 32818), Normal, 10), (Argument(Opaque("r0")), Normal, 0), (Basic(", "), Normal, 0), (Basic("#"), Normal, 0), (Argument(Unsigned(0)), Normal, 0), (Eol, Normal, 0)]
[(Address(412), Normal, 5), (Spacing(4), Normal, 0), (Opcode("strb", 32899), Normal, 10), (Argument(Opaque("r0")), Normal, 0), (Basic(", "), Normal, 0), (Basic("["), Normal, 0), (Argument(Opaque("r5")), Normal, 0), (Basic(", "), Normal, 0), (Basic("#"), Normal, 0), (Argument(Signed(38)), Normal, 0), (Basic("]"), Normal, 0), (Eol, Normal, 0)]
[(Address(416), Normal, 5), (Spacing(4), Normal, 0), (Opcode("ldmia", 32793), Normal, 10), (Argument(Opaque("sp")), Normal, 0), (Argument(Opaque("!")), Normal, 0), (Basic(", "), Normal, 0), (Basic("{"), Normal, 0), (Argument(Opaque("r4")), Normal, 0), (Basic(", "), Normal, 0), (Argument(Opaque("r5")), Normal, 0), (Basic(", "), Normal, 0), (Argument(Opaque("r6")), Normal, 0), (Basic(", "), Normal, 0), (Argument(Opaque("pc")), Normal, 0), (Basic("}"), Normal, 0), (Eol, Normal, 0)]
[(Address(420), Normal, 5), (Spacing(4), Normal, 0), (Opcode(".word", 65535), Normal, 10), (Symbol(Symbol { name: "data_027e103c", demangled_name: None, address: 0, size: 0, kind: Unknown, section: None, flags: FlagSet(Global | Weak), align: None, virtual_address: None }), Bright, 0), (Eol, Normal, 0)]
[(Address(424), Normal, 5), (Basic(" ~> "), Rotating(8), 0), (Opcode(".word", 65535), Normal, 10), (Symbol(Symbol { name: "data_027e1098", demangled_name: None, address: 0, size: 0, kind: Unknown, section: None, flags: FlagSet(Global | Weak), align: None, virtual_address: None }), Bright, 0), (Eol, Normal, 0)]
[(Address(428), Normal, 5), (Spacing(4), Normal, 0), (Opcode(".word", 65535), Normal, 10), (Symbol(Symbol { name: "gPlayerControl", demangled_name: None, address: 0, size: 0, kind: Unknown, section: None, flags: FlagSet(Global | Weak), align: None, virtual_address: None }), Bright, 0), (Eol, Normal, 0)]
